******************************************************************************
                  TI ARM Linker PC v16.9.3                     
******************************************************************************
>> Linked Wed Aug 09 22:58:10 2017

OUTPUT FILE NAME:   <GPS.out>
ENTRY POINT SYMBOL: "_c_int00"  address: 00005b85


MEMORY CONFIGURATION

         name            origin    length      used     unused   attr    fill
----------------------  --------  ---------  --------  --------  ----  --------
  FLASH                 00000000   00040000  00006390  00039c70  R  X
  SRAM                  20000000   00008000  00004c07  000033f9  RW X


SEGMENT ALLOCATION MAP

run origin  load origin   length   init length attrs members
----------  ----------- ---------- ----------- ----- -------
00000000    00000000    00006398   00006398    r-x
  00000000    00000000    0000026c   0000026c    r-- .intvecs
  00000270    00000270    00005cc8   00005cc8    r-x .text
  00005f38    00005f38    000003f4   000003f4    r-- .const
  00006330    00006330    00000068   00000068    r-- .cinit
20000000    20000000    00004c0a   00000000    rw-
  20000000    20000000    000047fd   00000000    rw- .data
  20004800    20004800    00000400   00000000    rw- .stack
  20004c00    20004c00    0000000a   00000000    rw- .bss


SECTION ALLOCATION MAP

 output                                  attributes/
section   page    origin      length       input sections
--------  ----  ----------  ----------   ----------------
.intvecs   0    00000000    0000026c     
                  00000000    0000026c     tm4c123gh6pm_startup_ccs.obj (.intvecs)

.text      0    00000270    00005cc8     
                  00000270    00001dc8     main.obj (.text)
                  00002038    00001c6a     ff.obj (.text)
                  00003ca2    00000006     driverlib.lib : gpio.obj (.text:GPIOPinWrite)
                  00003ca8    00000af0     ST7735.obj (.text)
                  00004798    00000928     mmc-dk-tm4c123g.obj (.text)
                  000050c0    0000023c     rtsv7M4_T_le_v4SPD16_eabi.lib : strtod.obj (.text)
                  000052fc    000001b6                                   : fd_add_t2.obj (.text)
                  000054b2    00000004                                   : pre_init.obj (.text)
                  000054b6    00000002                                   : mpu_init.obj (.text)
                  000054b8    000001b4     GPSData.obj (.text)
                  0000566c    00000136     rtsv7M4_T_le_v4SPD16_eabi.lib : fd_div_t2.obj (.text)
                  000057a2    000000fc                                   : fd_mul_t2.obj (.text)
                  0000589e    0000009c                                   : memcpy_t2.obj (.text)
                  0000593a    00000086                                   : fd_cmp_t2.obj (.text:__aeabi_cdcmple)
                  000059c0    0000007a                                   : memset_t2.obj (.text)
                  00005a3a    00000002                                   : startup.obj (.text)
                  00005a3c    00000070                                   : autoinit.obj (.text)
                  00005aac    0000006e                                   : fd_tos_t2.obj (.text)
                  00005b1a    00000068                                   : copy_decompress_lzss.obj (.text:decompress:lzss)
                  00005b82    00000002     --HOLE-- [fill = 0]
                  00005b84    00000054                                   : boot.obj (.text)
                  00005bd8    00000054                                   : exit.obj (.text)
                  00005c2c    0000004c                                   : atoi.obj (.text)
                  00005c78    0000004c                                   : cpy_tbl.obj (.text)
                  00005cc4    00000048                                   : fd_toi_t2.obj (.text)
                  00005d0c    00000044                                   : fd_tou_t2.obj (.text)
                  00005d50    00000040                                   : strtok.obj (.text)
                  00005d90    00000038                                   : fs_tod_t2.obj (.text)
                  00005dc8    0000002e                                   : i_tofd_t2.obj (.text)
                  00005df6    0000002a                                   : strspn.obj (.text)
                  00005e20    00000024                                   : strcspn.obj (.text)
                  00005e44    0000001e                                   : strcat.obj (.text)
                  00005e62    00000006     --HOLE-- [fill = 0]
                  00005e68    0000001a     tm4c123gh6pm_startup_ccs.obj (.text)
                  00005e82    00000002     --HOLE-- [fill = 0]
                  00005e84    00000018     rtsv7M4_T_le_v4SPD16_eabi.lib : args_main.obj (.text)
                  00005e9c    00000018                                   : strcmp.obj (.text)
                  00005eb4    00000018                                   : strrchr.obj (.text)
                  00005ecc    00000014                                   : _lock.obj (.text)
                  00005ee0    00000014                                   : strcpy.obj (.text)
                  00005ef4    00000014                                   : strlen.obj (.text)
                  00005f08    0000000e                                   : copy_decompress_none.obj (.text:decompress:none)
                  00005f16    0000000c     driverlib.lib : ssi.obj (.text:SSIDataGet)
                  00005f22    0000000c     rtsv7M4_T_le_v4SPD16_eabi.lib : copy_zero_init.obj (.text:decompress:ZI)
                  00005f2e    0000000a     driverlib.lib : ssi.obj (.text:SSIDataPut)

.const     0    00005f38    000003f4     
                  00005f38    000001e0     ST7735.obj (.const:FONT_CHARS)
                  00006118    00000101     rtsv7M4_T_le_v4SPD16_eabi.lib : ctype.obj (.const:.string:_ctypes_)
                  00006219    00000007     --HOLE-- [fill = 0]
                  00006220    00000098                                   : strtod.obj (.const:$O1$$)
                  000062b8    0000006a     main.obj (.const:.string)
                  00006322    0000000a     ff.obj (.const:.string:DbcTbl)

.cinit     0    00006330    00000068     
                  00006330    00000041     (.cinit..data.load) [load image, compression = lzss]
                  00006371    00000003     --HOLE-- [fill = 0]
                  00006374    0000000c     (__TI_handler_table)
                  00006380    00000008     (.cinit..bss.load) [load image, compression = zero_init]
                  00006388    00000010     (__TI_cinit_table)

.init_array 
*          0    00000000    00000000     UNINITIALIZED

.data      0    20000000    000047fd     UNINITIALIZED
                  20000000    000047d8     main.obj (.data:$O1$$)
                  200047d8    0000000c     rtsv7M4_T_le_v4SPD16_eabi.lib : exit.obj (.data:$O1$$)
                  200047e4    00000008                                   : _lock.obj (.data:$O1$$)
                  200047ec    00000004     mmc-dk-tm4c123g.obj (.data:$O1$$)
                  200047f0    00000004     rtsv7M4_T_le_v4SPD16_eabi.lib : errno.obj (.data)
                  200047f4    00000004                                   : stkdepth_vars.obj (.data)
                  200047f8    00000004                                   : strtok.obj (.data)
                  200047fc    00000001     mmc-dk-tm4c123g.obj (.data)

.stack     0    20004800    00000400     UNINITIALIZED
                  20004800    00000400     --HOLE--

.bss       0    20004c00    0000000a     UNINITIALIZED
                  20004c00    00000008     ff.obj (.bss:$O1$$)
                  20004c08    00000002     mmc-dk-tm4c123g.obj (.bss)

MODULE SUMMARY

       Module                         code    ro data   rw data
       ------                         ----    -------   -------
    .\
       main.obj                       7624    106       18392  
       ST7735.obj                     2800    480       0      
       tm4c123gh6pm_startup_ccs.obj   26      620       0      
       GPSData.obj                    436     0         0      
    +--+------------------------------+-------+---------+---------+
       Total:                         10886   1206      18392  
                                                               
    .\fatfs\
       ff.obj                         7274    10        8      
       mmc-dk-tm4c123g.obj            2344    0         7      
    +--+------------------------------+-------+---------+---------+
       Total:                         9618    10        15     
                                                               
    C:/ti/TivaWare_C_Series-2.1.3.156/driverlib/ccs/Debug/driverlib.lib
       ssi.obj                        22      0         0      
       gpio.obj                       6       0         0      
    +--+------------------------------+-------+---------+---------+
       Total:                         28      0         0      
                                                               
    C:\ti\ccsv7\tools\compiler\ti-cgt-arm_16.9.3.LTS\lib\rtsv7M4_T_le_v4SPD16_eabi.lib
       strtod.obj                     572     152       0      
       fd_add_t2.obj                  438     0         0      
       fd_div_t2.obj                  310     0         0      
       ctype.obj                      0       257       0      
       fd_mul_t2.obj                  252     0         0      
       memcpy_t2.obj                  156     0         0      
       fd_cmp_t2.obj                  134     0         0      
       memset_t2.obj                  122     0         0      
       autoinit.obj                   112     0         0      
       fd_tos_t2.obj                  110     0         0      
       copy_decompress_lzss.obj       104     0         0      
       exit.obj                       84      0         12     
       boot.obj                       84      0         0      
       atoi.obj                       76      0         0      
       cpy_tbl.obj                    76      0         0      
       fd_toi_t2.obj                  72      0         0      
       fd_tou_t2.obj                  68      0         0      
       strtok.obj                     64      0         4      
       fs_tod_t2.obj                  56      0         0      
       i_tofd_t2.obj                  46      0         0      
       strspn.obj                     42      0         0      
       strcspn.obj                    36      0         0      
       strcat.obj                     30      0         0      
       _lock.obj                      20      0         8      
       args_main.obj                  24      0         0      
       strcmp.obj                     24      0         0      
       strrchr.obj                    24      0         0      
       strcpy.obj                     20      0         0      
       strlen.obj                     20      0         0      
       copy_decompress_none.obj       14      0         0      
       copy_zero_init.obj             12      0         0      
       errno.obj                      0       0         4      
       pre_init.obj                   4       0         0      
       stkdepth_vars.obj              0       0         4      
       mpu_init.obj                   2       0         0      
       startup.obj                    2       0         0      
    +--+------------------------------+-------+---------+---------+
       Total:                         3210    409       32     
                                                               
       Stack:                         0       0         1024   
       Linker Generated:              0       101       0      
    +--+------------------------------+-------+---------+---------+
       Grand Total:                   23742   1726      19463  


LINKER GENERATED COPY TABLES

__TI_cinit_table @ 00006388 records: 2, size/record: 8, table size: 16
	.data: load addr=00006330, load size=00000041 bytes, run addr=20000000, run size=000047fd bytes, compression=lzss
	.bss: load addr=00006380, load size=00000008 bytes, run addr=20004c00, run size=0000000a bytes, compression=zero_init


LINKER GENERATED HANDLER TABLE

__TI_handler_table @ 00006374 records: 3, size/record: 4, table size: 12
	index: 0, handler: __TI_decompress_lzss
	index: 1, handler: __TI_decompress_none
	index: 2, handler: __TI_zero_init


GLOBAL SYMBOLS: SORTED ALPHABETICALLY BY Name 

address   name                           
-------   ----                           
00005bd9  C$$EXIT                        
00004731  ConfigureLCD                   
000004a1  ConfigureTimer1                
000003d9  ConfigureUART                  
00004971  DESELECT_SD                    
00003ca3  GPIOPinWrite                   
20000064  GPS_Rate                       
000046d9  HLine                          
20000060  LCD_Brightness                 
00004011  LCD_putCh                      
00005e69  ResetISR                       
000047a1  SELECT_SD                      
UNDEFED   SHT$$INIT_ARRAY$$Base          
UNDEFED   SHT$$INIT_ARRAY$$Limit         
00005f17  SSIDataGet                     
00005f2f  SSIDataPut                     
20000080  SelectionItems                 
00004a61  Timer1AHandler                 
00001f99  UARTIntHandler                 
000004d1  UARTSend                       
00004689  VLine                          
20004c00  __STACK_END                    
00000400  __STACK_SIZE                   
20004a00  __STACK_TOP                    
00006388  __TI_CINIT_Base                
00006398  __TI_CINIT_Limit               
00006374  __TI_Handler_Table_Base        
00006380  __TI_Handler_Table_Limit       
00005a3d  __TI_auto_init                 
200047d8  __TI_cleanup_ptr               
00005b1b  __TI_decompress_lzss           
00005f09  __TI_decompress_none           
200047dc  __TI_dtors_ptr                 
200047e0  __TI_enable_exit_profile_output
ffffffff  __TI_pprof_out_hndl            
ffffffff  __TI_prof_data_size            
ffffffff  __TI_prof_data_start           
00000000  __TI_static_base__             
00005f23  __TI_zero_init                 
0000593b  __aeabi_cdcmpeq                
0000593b  __aeabi_cdcmple                
00005aad  __aeabi_d2f                    
00005cc5  __aeabi_d2iz                   
00005d0d  __aeabi_d2uiz                  
00005307  __aeabi_dadd                   
0000566d  __aeabi_ddiv                   
000057a3  __aeabi_dmul                   
000052fd  __aeabi_dsub                   
00005d91  __aeabi_f2d                    
00005dc9  __aeabi_i2d                    
000059c1  __aeabi_memclr                 
000059c1  __aeabi_memclr4                
000059c1  __aeabi_memclr8                
0000589f  __aeabi_memcpy                 
0000589f  __aeabi_memcpy4                
0000589f  __aeabi_memcpy8                
000059c3  __aeabi_memset                 
000059c3  __aeabi_memset4                
000059c3  __aeabi_memset8                
ffffffff  __binit__                      
ffffffff  __c_args__                     
000054b7  __mpu_init                     
20004800  __stack                        
00005e85  _args_main                     
00005b85  _c_int00                       
00006118  _ctypes_                       
200047e4  _lock                          
00005edb  _nop                           
00005ed3  _register_lock                 
00005ecd  _register_unlock               
00005a3b  _system_post_cinit             
000054b3  _system_pre_init               
200047e8  _unlock                        
00005bdd  abort                          
20000024  areaCols                       
20000028  areaRows                       
20000038  areaScaleLat                   
20000034  areaScaleLong                  
20000050  areaX                          
2000004c  areaY                          
00005c2d  atoi                           
ffffffff  binit                          
20000078  centerBtn                      
00004649  clearDisp                      
00005c79  copy_in                        
00004ef1  disk_initialize                
00004d49  disk_ioctl                     
00004b31  disk_read                      
00004a79  disk_status                    
00004a61  disk_timerproc                 
00004991  disk_write                     
20000068  downBtn                        
00000581  drawAlectryonLogo              
00000d61  drawBMP                        
000043c1  drawFloat                      
00004339  drawInt                        
000042b9  drawIntEdit                    
000041d9  drawLine                       
00000ed9  drawMap                        
00001221  drawMenu                       
00004191  drawPixel                      
00001271  drawSettings                   
00004131  drawString                     
000040d1  drawStringB                    
00005649  enterStandby                   
200047f0  errno                          
00005be5  exit                           
00003c89  f_close                        
00003c71  f_closedir                     
00003b81  f_getfree                      
00003a29  f_lseek                        
000038c1  f_mkdir                        
00003879  f_mount                        
00003649  f_open                         
000035d1  f_opendir                      
00003449  f_read                         
00003409  f_readdir                      
000032a1  f_rename                       
000031d9  f_stat                         
000030a9  f_sync                         
00002fd9  f_truncate                     
00002f29  f_unlink                       
000023c1  f_write                        
00003f99  fillRect                       
20000280  g_pcTmpBuf                     
00000000  g_pfnVectors                   
200000d4  g_sDirObject                   
200005a8  g_sFatFs                       
200000bc  g_sFileInfo                    
20000380  g_sFileObject                  
00004799  get_fattime                    
200000a4  gpsdata                        
000012e9  handleInput                    
00003ec1  hardwareReset                  
20000002  iFResult                       
20000030  imageHeight                    
2000002c  imageWidth                     
00003f01  initDisplay                    
00000509  itoa                           
00001ee9  itof                           
20000070  leftBtn                        
00001651  main                           
200047f4  main_func_sp                   
0000589f  memcpy                         
000059c9  memset                         
20000090  menuItems                      
20000054  menuSelection                  
000054d1  parseGPSData                   
20000048  prevAreaX                      
20000044  prevAreaY                      
20000004  redraw                         
2000007c  returnBtn                      
2000006c  rightBtn                       
20000003  scrollMap                      
00003df9  setAddrWindow                  
00003d71  setOrientation                 
000054c9  setOutputs                     
000054c1  setUpdateRate                  
2000005c  settingsSelection              
00000271  shiftImg                       
20000058  state                          
00005e45  strcat                         
00005e9d  strcmp                         
00005ee1  strcpy                         
00005e21  strcspn                        
00005ef5  strlen                         
00005eb5  strrchr                        
00005df7  strspn                         
000050c1  strtod                         
00005d51  strtok                         
000050c1  strtold                        
20000020  ui32BytesRead                  
20000074  upBtn                          
000054b9  wakeup                         
00003cf9  write565                       
00003ca9  writeCmd                       
2000003c  x0Lat                          
20000040  y0Long                         


GLOBAL SYMBOLS: SORTED BY Symbol Address 

address   name                           
-------   ----                           
00000000  __TI_static_base__             
00000000  g_pfnVectors                   
00000271  shiftImg                       
000003d9  ConfigureUART                  
00000400  __STACK_SIZE                   
000004a1  ConfigureTimer1                
000004d1  UARTSend                       
00000509  itoa                           
00000581  drawAlectryonLogo              
00000d61  drawBMP                        
00000ed9  drawMap                        
00001221  drawMenu                       
00001271  drawSettings                   
000012e9  handleInput                    
00001651  main                           
00001ee9  itof                           
00001f99  UARTIntHandler                 
000023c1  f_write                        
00002f29  f_unlink                       
00002fd9  f_truncate                     
000030a9  f_sync                         
000031d9  f_stat                         
000032a1  f_rename                       
00003409  f_readdir                      
00003449  f_read                         
000035d1  f_opendir                      
00003649  f_open                         
00003879  f_mount                        
000038c1  f_mkdir                        
00003a29  f_lseek                        
00003b81  f_getfree                      
00003c71  f_closedir                     
00003c89  f_close                        
00003ca3  GPIOPinWrite                   
00003ca9  writeCmd                       
00003cf9  write565                       
00003d71  setOrientation                 
00003df9  setAddrWindow                  
00003ec1  hardwareReset                  
00003f01  initDisplay                    
00003f99  fillRect                       
00004011  LCD_putCh                      
000040d1  drawStringB                    
00004131  drawString                     
00004191  drawPixel                      
000041d9  drawLine                       
000042b9  drawIntEdit                    
00004339  drawInt                        
000043c1  drawFloat                      
00004649  clearDisp                      
00004689  VLine                          
000046d9  HLine                          
00004731  ConfigureLCD                   
00004799  get_fattime                    
000047a1  SELECT_SD                      
00004971  DESELECT_SD                    
00004991  disk_write                     
00004a61  Timer1AHandler                 
00004a61  disk_timerproc                 
00004a79  disk_status                    
00004b31  disk_read                      
00004d49  disk_ioctl                     
00004ef1  disk_initialize                
000050c1  strtod                         
000050c1  strtold                        
000052fd  __aeabi_dsub                   
00005307  __aeabi_dadd                   
000054b3  _system_pre_init               
000054b7  __mpu_init                     
000054b9  wakeup                         
000054c1  setUpdateRate                  
000054c9  setOutputs                     
000054d1  parseGPSData                   
00005649  enterStandby                   
0000566d  __aeabi_ddiv                   
000057a3  __aeabi_dmul                   
0000589f  __aeabi_memcpy                 
0000589f  __aeabi_memcpy4                
0000589f  __aeabi_memcpy8                
0000589f  memcpy                         
0000593b  __aeabi_cdcmpeq                
0000593b  __aeabi_cdcmple                
000059c1  __aeabi_memclr                 
000059c1  __aeabi_memclr4                
000059c1  __aeabi_memclr8                
000059c3  __aeabi_memset                 
000059c3  __aeabi_memset4                
000059c3  __aeabi_memset8                
000059c9  memset                         
00005a3b  _system_post_cinit             
00005a3d  __TI_auto_init                 
00005aad  __aeabi_d2f                    
00005b1b  __TI_decompress_lzss           
00005b85  _c_int00                       
00005bd9  C$$EXIT                        
00005bdd  abort                          
00005be5  exit                           
00005c2d  atoi                           
00005c79  copy_in                        
00005cc5  __aeabi_d2iz                   
00005d0d  __aeabi_d2uiz                  
00005d51  strtok                         
00005d91  __aeabi_f2d                    
00005dc9  __aeabi_i2d                    
00005df7  strspn                         
00005e21  strcspn                        
00005e45  strcat                         
00005e69  ResetISR                       
00005e85  _args_main                     
00005e9d  strcmp                         
00005eb5  strrchr                        
00005ecd  _register_unlock               
00005ed3  _register_lock                 
00005edb  _nop                           
00005ee1  strcpy                         
00005ef5  strlen                         
00005f09  __TI_decompress_none           
00005f17  SSIDataGet                     
00005f23  __TI_zero_init                 
00005f2f  SSIDataPut                     
00006118  _ctypes_                       
00006374  __TI_Handler_Table_Base        
00006380  __TI_Handler_Table_Limit       
00006388  __TI_CINIT_Base                
00006398  __TI_CINIT_Limit               
20000002  iFResult                       
20000003  scrollMap                      
20000004  redraw                         
20000020  ui32BytesRead                  
20000024  areaCols                       
20000028  areaRows                       
2000002c  imageWidth                     
20000030  imageHeight                    
20000034  areaScaleLong                  
20000038  areaScaleLat                   
2000003c  x0Lat                          
20000040  y0Long                         
20000044  prevAreaY                      
20000048  prevAreaX                      
2000004c  areaY                          
20000050  areaX                          
20000054  menuSelection                  
20000058  state                          
2000005c  settingsSelection              
20000060  LCD_Brightness                 
20000064  GPS_Rate                       
20000068  downBtn                        
2000006c  rightBtn                       
20000070  leftBtn                        
20000074  upBtn                          
20000078  centerBtn                      
2000007c  returnBtn                      
20000080  SelectionItems                 
20000090  menuItems                      
200000a4  gpsdata                        
200000bc  g_sFileInfo                    
200000d4  g_sDirObject                   
20000280  g_pcTmpBuf                     
20000380  g_sFileObject                  
200005a8  g_sFatFs                       
200047d8  __TI_cleanup_ptr               
200047dc  __TI_dtors_ptr                 
200047e0  __TI_enable_exit_profile_output
200047e4  _lock                          
200047e8  _unlock                        
200047f0  errno                          
200047f4  main_func_sp                   
20004800  __stack                        
20004a00  __STACK_TOP                    
20004c00  __STACK_END                    
ffffffff  __TI_pprof_out_hndl            
ffffffff  __TI_prof_data_size            
ffffffff  __TI_prof_data_start           
ffffffff  __binit__                      
ffffffff  __c_args__                     
ffffffff  binit                          
UNDEFED   SHT$$INIT_ARRAY$$Base          
UNDEFED   SHT$$INIT_ARRAY$$Limit         

[178 symbols]
