******************************************************************************
                  TI ARM Linker PC v16.9.3                     
******************************************************************************
>> Linked Sat Jul 08 23:17:25 2017

OUTPUT FILE NAME:   <GPS.out>
ENTRY POINT SYMBOL: "_c_int00"  address: 00001141


MEMORY CONFIGURATION

         name            origin    length      used     unused   attr    fill
----------------------  --------  ---------  --------  --------  ----  --------
  FLASH                 00000000   00040000  0000163e  0003e9c2  R  X
  SRAM                  20000000   00008000  00000340  00007cc0  RW X


SEGMENT ALLOCATION MAP

run origin  load origin   length   init length attrs members
----------  ----------- ---------- ----------- ----- -------
00000000    00000000    00001640   00001640    r-x
  00000000    00000000    0000026c   0000026c    r-- .intvecs
  0000026c    0000026c    000011fa   000011fa    r-x .text
  00001468    00001468    000001a0   000001a0    r-- .const
  00001608    00001608    00000038   00000038    r-- .cinit
20000000    20000000    00000340   00000000    rw-
  20000000    20000000    00000200   00000000    rw- .stack
  20000200    20000200    00000138   00000000    rw- .data
  20000338    20000338    00000008   00000000    rw- .bss


SECTION ALLOCATION MAP

 output                                  attributes/
section   page    origin      length       input sections
--------  ----  ----------  ----------   ----------------
.intvecs   0    00000000    0000026c     
                  00000000    0000026c     tm4c123gh6pm_startup_ccs.obj (.intvecs)

.text      0    0000026c    000011fa     
                  0000026c    00000418     main.obj (.text)
                  00000684    0000023c     rtsv7M4_T_le_v4SPD16_eabi.lib : strtod.obj (.text)
                  000008c0    000001b6                                   : fd_add_t2.obj (.text)
                  00000a76    00000002                                   : mpu_init.obj (.text)
                  00000a78    000001b0     GPSData.obj (.text)
                  00000c28    00000136     rtsv7M4_T_le_v4SPD16_eabi.lib : fd_div_t2.obj (.text)
                  00000d5e    000000fc                                   : fd_mul_t2.obj (.text)
                  00000e5a    0000009c                                   : memcpy_t2.obj (.text)
                  00000ef6    00000086                                   : fd_cmp_t2.obj (.text:__aeabi_cdcmple)
                  00000f7c    0000007a                                   : memset_t2.obj (.text)
                  00000ff6    00000002                                   : startup.obj (.text)
                  00000ff8    00000070                                   : autoinit.obj (.text)
                  00001068    0000006e                                   : fd_tos_t2.obj (.text)
                  000010d6    00000068                                   : copy_decompress_lzss.obj (.text:decompress:lzss)
                  0000113e    00000002     --HOLE-- [fill = 0]
                  00001140    00000054                                   : boot.obj (.text)
                  00001194    00000054                                   : exit.obj (.text)
                  000011e8    0000004c                                   : atoi.obj (.text)
                  00001234    0000004c                                   : cpy_tbl.obj (.text)
                  00001280    00000044                                   : fd_tou_t2.obj (.text)
                  000012c4    00000040                                   : strtok.obj (.text)
                  00001304    00000038                                   : fs_tod_t2.obj (.text)
                  0000133c    0000002e                                   : i_tofd_t2.obj (.text)
                  0000136a    0000002a                                   : strspn.obj (.text)
                  00001394    00000024                                   : strcspn.obj (.text)
                  000013b8    00000018                                   : args_main.obj (.text)
                  000013d0    00000018                                   : strcmp.obj (.text)
                  000013e8    00000018                                   : strrchr.obj (.text)
                  00001400    00000014                                   : _lock.obj (.text)
                  00001414    00000014                                   : strcpy.obj (.text)
                  00001428    00000014                                   : strlen.obj (.text)
                  0000143c    0000000e                                   : copy_decompress_none.obj (.text:decompress:none)
                  0000144a    0000000c                                   : copy_zero_init.obj (.text:decompress:ZI)
                  00001456    0000000c     tm4c123gh6pm_startup_ccs.obj (.text)
                  00001462    00000004     rtsv7M4_T_le_v4SPD16_eabi.lib : pre_init.obj (.text)

.const     0    00001468    000001a0     
                  00001468    00000101     rtsv7M4_T_le_v4SPD16_eabi.lib : ctype.obj (.const:.string:_ctypes_)
                  00001569    00000007     --HOLE-- [fill = 0]
                  00001570    00000098                                   : strtod.obj (.const:$O1$$)

.cinit     0    00001608    00000038     
                  00001608    00000013     (.cinit..data.load) [load image, compression = lzss]
                  0000161b    00000001     --HOLE-- [fill = 0]
                  0000161c    0000000c     (__TI_handler_table)
                  00001628    00000008     (.cinit..bss.load) [load image, compression = zero_init]
                  00001630    00000010     (__TI_cinit_table)

.init_array 
*          0    00000000    00000000     UNINITIALIZED

.stack     0    20000000    00000200     UNINITIALIZED
                  20000000    00000200     --HOLE--

.data      0    20000200    00000138     UNINITIALIZED
                  20000200    00000118     main.obj (.data:$O1$$)
                  20000318    0000000c     rtsv7M4_T_le_v4SPD16_eabi.lib : exit.obj (.data:$O1$$)
                  20000324    00000008                                   : _lock.obj (.data:$O1$$)
                  2000032c    00000004                                   : errno.obj (.data)
                  20000330    00000004                                   : stkdepth_vars.obj (.data)
                  20000334    00000004                                   : strtok.obj (.data)

.bss       0    20000338    00000008     UNINITIALIZED
                  20000338    00000008     GPSData.obj (.bss:$O1$$)

MODULE SUMMARY

       Module                         code   ro data   rw data
       ------                         ----   -------   -------
    .\
       main.obj                       1048   0         280    
       tm4c123gh6pm_startup_ccs.obj   12     620       0      
       GPSData.obj                    432    0         8      
    +--+------------------------------+------+---------+---------+
       Total:                         1492   620       288    
                                                              
    C:\ti\ccsv7\tools\compiler\ti-cgt-arm_16.9.3.LTS\lib\rtsv7M4_T_le_v4SPD16_eabi.lib
       strtod.obj                     572    152       0      
       fd_add_t2.obj                  438    0         0      
       fd_div_t2.obj                  310    0         0      
       ctype.obj                      0      257       0      
       fd_mul_t2.obj                  252    0         0      
       memcpy_t2.obj                  156    0         0      
       fd_cmp_t2.obj                  134    0         0      
       memset_t2.obj                  122    0         0      
       autoinit.obj                   112    0         0      
       fd_tos_t2.obj                  110    0         0      
       copy_decompress_lzss.obj       104    0         0      
       exit.obj                       84     0         12     
       boot.obj                       84     0         0      
       atoi.obj                       76     0         0      
       cpy_tbl.obj                    76     0         0      
       fd_tou_t2.obj                  68     0         0      
       strtok.obj                     64     0         4      
       fs_tod_t2.obj                  56     0         0      
       i_tofd_t2.obj                  46     0         0      
       strspn.obj                     42     0         0      
       strcspn.obj                    36     0         0      
       _lock.obj                      20     0         8      
       args_main.obj                  24     0         0      
       strcmp.obj                     24     0         0      
       strrchr.obj                    24     0         0      
       strcpy.obj                     20     0         0      
       strlen.obj                     20     0         0      
       copy_decompress_none.obj       14     0         0      
       copy_zero_init.obj             12     0         0      
       errno.obj                      0      0         4      
       pre_init.obj                   4      0         0      
       stkdepth_vars.obj              0      0         4      
       mpu_init.obj                   2      0         0      
       startup.obj                    2      0         0      
    +--+------------------------------+------+---------+---------+
       Total:                         3108   409       32     
                                                              
       Stack:                         0      0         512    
       Linker Generated:              0      55        0      
    +--+------------------------------+------+---------+---------+
       Grand Total:                   4600   1084      832    


LINKER GENERATED COPY TABLES

__TI_cinit_table @ 00001630 records: 2, size/record: 8, table size: 16
	.data: load addr=00001608, load size=00000013 bytes, run addr=20000200, run size=00000138 bytes, compression=lzss
	.bss: load addr=00001628, load size=00000008 bytes, run addr=20000338, run size=00000008 bytes, compression=zero_init


LINKER GENERATED HANDLER TABLE

__TI_handler_table @ 0000161c records: 3, size/record: 4, table size: 12
	index: 0, handler: __TI_decompress_lzss
	index: 1, handler: __TI_decompress_none
	index: 2, handler: __TI_zero_init


GLOBAL SYMBOLS: SORTED ALPHABETICALLY BY Name 

address   name                           
-------   ----                           
00001195  C$$EXIT                        
00000333  ConfigureTimer1A               
0000026d  ConfigureUART                  
20000298  GPSNMEA                        
00001457  ResetISR                       
UNDEFED   SHT$$INIT_ARRAY$$Base          
UNDEFED   SHT$$INIT_ARRAY$$Limit         
000005f9  Timer1AHandler                 
00000579  UARTIntHandler                 
000003b9  UARTSend                       
20000200  __STACK_END                    
00000200  __STACK_SIZE                   
20000200  __STACK_TOP                    
00001630  __TI_CINIT_Base                
00001640  __TI_CINIT_Limit               
0000161c  __TI_Handler_Table_Base        
00001628  __TI_Handler_Table_Limit       
00000ff9  __TI_auto_init                 
20000318  __TI_cleanup_ptr               
000010d7  __TI_decompress_lzss           
0000143d  __TI_decompress_none           
2000031c  __TI_dtors_ptr                 
20000320  __TI_enable_exit_profile_output
ffffffff  __TI_pprof_out_hndl            
ffffffff  __TI_prof_data_size            
ffffffff  __TI_prof_data_start           
00000000  __TI_static_base__             
0000144b  __TI_zero_init                 
00000ef7  __aeabi_cdcmpeq                
00000ef7  __aeabi_cdcmple                
00001069  __aeabi_d2f                    
00001281  __aeabi_d2uiz                  
000008cb  __aeabi_dadd                   
00000c29  __aeabi_ddiv                   
00000d5f  __aeabi_dmul                   
000008c1  __aeabi_dsub                   
00001305  __aeabi_f2d                    
0000133d  __aeabi_i2d                    
00000f7d  __aeabi_memclr                 
00000f7d  __aeabi_memclr4                
00000f7d  __aeabi_memclr8                
00000e5b  __aeabi_memcpy                 
00000e5b  __aeabi_memcpy4                
00000e5b  __aeabi_memcpy8                
00000f7f  __aeabi_memset                 
00000f7f  __aeabi_memset4                
00000f7f  __aeabi_memset8                
ffffffff  __binit__                      
ffffffff  __c_args__                     
00000a77  __mpu_init                     
20000000  __stack                        
000013b9  _args_main                     
00001141  _c_int00                       
00001468  _ctypes_                       
20000324  _lock                          
0000140f  _nop                           
00001407  _register_lock                 
00001401  _register_unlock               
00000ff7  _system_post_cinit             
00001463  _system_pre_init               
20000328  _unlock                        
00001199  abort                          
000011e9  atoi                           
ffffffff  binit                          
20000200  ch                             
20000208  completeNMEA                   
00001235  copy_in                        
00000c01  enterStandby                   
2000032c  errno                          
000011a1  exit                           
00000000  g_pfnVectors                   
2000020c  index                          
00000389  itoa                           
000003e9  itof                           
20000214  led_state                      
0000049b  main                           
20000330  main_func_sp                   
00000e5b  memcpy                         
00000f85  memset                         
00000a7f  parseGPSData                   
00000a7d  setOutputs                     
00000a7b  setUpdateRate                  
000013d1  strcmp                         
00001415  strcpy                         
00001395  strcspn                        
00001429  strlen                         
000013e9  strrchr                        
0000136b  strspn                         
00000685  strtod                         
000012c5  strtok                         
00000685  strtold                        
20000210  temp_int                       
00000a79  wakeup                         


GLOBAL SYMBOLS: SORTED BY Symbol Address 

address   name                           
-------   ----                           
00000000  __TI_static_base__             
00000000  g_pfnVectors                   
00000200  __STACK_SIZE                   
0000026d  ConfigureUART                  
00000333  ConfigureTimer1A               
00000389  itoa                           
000003b9  UARTSend                       
000003e9  itof                           
0000049b  main                           
00000579  UARTIntHandler                 
000005f9  Timer1AHandler                 
00000685  strtod                         
00000685  strtold                        
000008c1  __aeabi_dsub                   
000008cb  __aeabi_dadd                   
00000a77  __mpu_init                     
00000a79  wakeup                         
00000a7b  setUpdateRate                  
00000a7d  setOutputs                     
00000a7f  parseGPSData                   
00000c01  enterStandby                   
00000c29  __aeabi_ddiv                   
00000d5f  __aeabi_dmul                   
00000e5b  __aeabi_memcpy                 
00000e5b  __aeabi_memcpy4                
00000e5b  __aeabi_memcpy8                
00000e5b  memcpy                         
00000ef7  __aeabi_cdcmpeq                
00000ef7  __aeabi_cdcmple                
00000f7d  __aeabi_memclr                 
00000f7d  __aeabi_memclr4                
00000f7d  __aeabi_memclr8                
00000f7f  __aeabi_memset                 
00000f7f  __aeabi_memset4                
00000f7f  __aeabi_memset8                
00000f85  memset                         
00000ff7  _system_post_cinit             
00000ff9  __TI_auto_init                 
00001069  __aeabi_d2f                    
000010d7  __TI_decompress_lzss           
00001141  _c_int00                       
00001195  C$$EXIT                        
00001199  abort                          
000011a1  exit                           
000011e9  atoi                           
00001235  copy_in                        
00001281  __aeabi_d2uiz                  
000012c5  strtok                         
00001305  __aeabi_f2d                    
0000133d  __aeabi_i2d                    
0000136b  strspn                         
00001395  strcspn                        
000013b9  _args_main                     
000013d1  strcmp                         
000013e9  strrchr                        
00001401  _register_unlock               
00001407  _register_lock                 
0000140f  _nop                           
00001415  strcpy                         
00001429  strlen                         
0000143d  __TI_decompress_none           
0000144b  __TI_zero_init                 
00001457  ResetISR                       
00001463  _system_pre_init               
00001468  _ctypes_                       
0000161c  __TI_Handler_Table_Base        
00001628  __TI_Handler_Table_Limit       
00001630  __TI_CINIT_Base                
00001640  __TI_CINIT_Limit               
20000000  __stack                        
20000200  __STACK_END                    
20000200  __STACK_TOP                    
20000200  ch                             
20000208  completeNMEA                   
2000020c  index                          
20000210  temp_int                       
20000214  led_state                      
20000298  GPSNMEA                        
20000318  __TI_cleanup_ptr               
2000031c  __TI_dtors_ptr                 
20000320  __TI_enable_exit_profile_output
20000324  _lock                          
20000328  _unlock                        
2000032c  errno                          
20000330  main_func_sp                   
ffffffff  __TI_pprof_out_hndl            
ffffffff  __TI_prof_data_size            
ffffffff  __TI_prof_data_start           
ffffffff  __binit__                      
ffffffff  __c_args__                     
ffffffff  binit                          
UNDEFED   SHT$$INIT_ARRAY$$Base          
UNDEFED   SHT$$INIT_ARRAY$$Limit         

[93 symbols]
