******************************************************************************
                  TI ARM Linker PC v16.9.3                     
******************************************************************************
>> Linked Tue Jul 18 18:07:53 2017

OUTPUT FILE NAME:   <GPS.out>
ENTRY POINT SYMBOL: "_c_int00"  address: 00004aad


MEMORY CONFIGURATION

         name            origin    length      used     unused   attr    fill
----------------------  --------  ---------  --------  --------  ----  --------
  FLASH                 00000000   00040000  000051f3  0003ae0d  R  X
  SRAM                  20000000   00008000  000049d3  0000362d  RW X


SEGMENT ALLOCATION MAP

run origin  load origin   length   init length attrs members
----------  ----------- ---------- ----------- ----- -------
00000000    00000000    000051f8   000051f8    r-x
  00000000    00000000    0000026c   0000026c    r-- .intvecs
  0000026c    0000026c    00004bba   00004bba    r-x .text
  00004e28    00004e28    0000038d   0000038d    r-- .const
  000051b8    000051b8    00000040   00000040    r-- .cinit
20000000    20000000    000049d6   00000000    rw-
  20000000    20000000    0000473d   00000000    rw- .data
  20004740    20004740    00000200   00000000    rw- .stack
  20004940    20004940    00000096   00000000    rw- .bss


SECTION ALLOCATION MAP

 output                                  attributes/
section   page    origin      length       input sections
--------  ----  ----------  ----------   ----------------
.intvecs   0    00000000    0000026c     
                  00000000    0000026c     tm4c123gh6pm_startup_ccs.obj (.intvecs)

.text      0    0000026c    00004bba     
                  0000026c    00001e28     ff.obj (.text)
                  00002094    00001004     main.obj (.text)
                  00003098    00000844     ST7735.obj (.text)
                  000038dc    00000714     mmc-dk-tm4c123g.obj (.text)
                  00003ff0    0000023c     rtsv7M4_T_le_v4SPD16_eabi.lib : strtod.obj (.text)
                  0000422c    000001b6                                   : fd_add_t2.obj (.text)
                  000043e2    00000002                                   : mpu_init.obj (.text)
                  000043e4    000001b0     GPSData.obj (.text)
                  00004594    00000136     rtsv7M4_T_le_v4SPD16_eabi.lib : fd_div_t2.obj (.text)
                  000046ca    000000fc                                   : fd_mul_t2.obj (.text)
                  000047c6    0000009c                                   : memcpy_t2.obj (.text)
                  00004862    00000086                                   : fd_cmp_t2.obj (.text:__aeabi_cdcmple)
                  000048e8    0000007a                                   : memset_t2.obj (.text)
                  00004962    00000002                                   : startup.obj (.text)
                  00004964    00000070                                   : autoinit.obj (.text)
                  000049d4    0000006e                                   : fd_tos_t2.obj (.text)
                  00004a42    00000068                                   : copy_decompress_lzss.obj (.text:decompress:lzss)
                  00004aaa    00000002     --HOLE-- [fill = 0]
                  00004aac    00000054                                   : boot.obj (.text)
                  00004b00    00000054                                   : exit.obj (.text)
                  00004b54    0000004c                                   : atoi.obj (.text)
                  00004ba0    0000004c                                   : cpy_tbl.obj (.text)
                  00004bec    00000048                                   : fd_toi_t2.obj (.text)
                  00004c34    00000044                                   : fd_tou_t2.obj (.text)
                  00004c78    00000040                                   : strtok.obj (.text)
                  00004cb8    00000038                                   : fs_tod_t2.obj (.text)
                  00004cf0    0000002e                                   : i_tofd_t2.obj (.text)
                  00004d1e    0000002a                                   : strspn.obj (.text)
                  00004d48    00000024                                   : strcspn.obj (.text)
                  00004d6c    00000018                                   : args_main.obj (.text)
                  00004d84    00000018                                   : strcmp.obj (.text)
                  00004d9c    00000018                                   : strrchr.obj (.text)
                  00004db4    00000014                                   : _lock.obj (.text)
                  00004dc8    00000014                                   : strcpy.obj (.text)
                  00004ddc    00000014                                   : strlen.obj (.text)
                  00004df0    0000000e                                   : copy_decompress_none.obj (.text:decompress:none)
                  00004dfe    0000000c     driverlib.lib : ssi.obj (.text:SSIDataGet)
                  00004e0a    0000000c     rtsv7M4_T_le_v4SPD16_eabi.lib : copy_zero_init.obj (.text:decompress:ZI)
                  00004e16    0000000c     tm4c123gh6pm_startup_ccs.obj (.text)
                  00004e22    00000004     rtsv7M4_T_le_v4SPD16_eabi.lib : pre_init.obj (.text)

.const     0    00004e28    0000038d     
                  00004e28    000001e0     ST7735.obj (.const:FONT_CHARS)
                  00005008    00000101     rtsv7M4_T_le_v4SPD16_eabi.lib : ctype.obj (.const:.string:_ctypes_)
                  00005109    00000007     --HOLE-- [fill = 0]
                  00005110    00000098                                   : strtod.obj (.const:$O1$$)
                  000051a8    0000000d     ff.obj (.const:.string:LfnOfs)

.cinit     0    000051b8    00000040     
                  000051b8    0000001a     (.cinit..data.load) [load image, compression = lzss]
                  000051d2    00000002     --HOLE-- [fill = 0]
                  000051d4    0000000c     (__TI_handler_table)
                  000051e0    00000008     (.cinit..bss.load) [load image, compression = zero_init]
                  000051e8    00000010     (__TI_cinit_table)

.init_array 
*          0    00000000    00000000     UNINITIALIZED

.data      0    20000000    0000473d     UNINITIALIZED
                  20000000    00004718     main.obj (.data:$O1$$)
                  20004718    0000000c     rtsv7M4_T_le_v4SPD16_eabi.lib : exit.obj (.data:$O1$$)
                  20004724    00000008                                   : _lock.obj (.data:$O1$$)
                  2000472c    00000004     mmc-dk-tm4c123g.obj (.data:$O1$$)
                  20004730    00000004     rtsv7M4_T_le_v4SPD16_eabi.lib : errno.obj (.data)
                  20004734    00000004                                   : stkdepth_vars.obj (.data)
                  20004738    00000004                                   : strtok.obj (.data)
                  2000473c    00000001     mmc-dk-tm4c123g.obj (.data)

.stack     0    20004740    00000200     UNINITIALIZED
                  20004740    00000200     --HOLE--

.bss       0    20004940    00000096     UNINITIALIZED
                  20004940    0000008c     ff.obj (.bss:$O1$$)
                  200049cc    00000008     GPSData.obj (.bss:$O1$$)
                  200049d4    00000002     mmc-dk-tm4c123g.obj (.bss)

MODULE SUMMARY

       Module                         code    ro data   rw data
       ------                         ----    -------   -------
    .\
       main.obj                       4100    0         18200  
       ST7735.obj                     2116    480       0      
       tm4c123gh6pm_startup_ccs.obj   12      620       0      
       GPSData.obj                    432     0         8      
    +--+------------------------------+-------+---------+---------+
       Total:                         6660    1100      18208  
                                                               
    .\fatfs\
       ff.obj                         7720    13        140    
       mmc-dk-tm4c123g.obj            1812    0         7      
    +--+------------------------------+-------+---------+---------+
       Total:                         9532    13        147    
                                                               
    C:/ti/TivaWare_C_Series-2.1.3.156/driverlib/ccs/Debug/driverlib.lib
       ssi.obj                        12      0         0      
    +--+------------------------------+-------+---------+---------+
       Total:                         12      0         0      
                                                               
    C:\ti\ccsv7\tools\compiler\ti-cgt-arm_16.9.3.LTS\lib\rtsv7M4_T_le_v4SPD16_eabi.lib
       strtod.obj                     572     152       0      
       fd_add_t2.obj                  438     0         0      
       fd_div_t2.obj                  310     0         0      
       ctype.obj                      0       257       0      
       fd_mul_t2.obj                  252     0         0      
       memcpy_t2.obj                  156     0         0      
       fd_cmp_t2.obj                  134     0         0      
       memset_t2.obj                  122     0         0      
       autoinit.obj                   112     0         0      
       fd_tos_t2.obj                  110     0         0      
       copy_decompress_lzss.obj       104     0         0      
       exit.obj                       84      0         12     
       boot.obj                       84      0         0      
       atoi.obj                       76      0         0      
       cpy_tbl.obj                    76      0         0      
       fd_toi_t2.obj                  72      0         0      
       fd_tou_t2.obj                  68      0         0      
       strtok.obj                     64      0         4      
       fs_tod_t2.obj                  56      0         0      
       i_tofd_t2.obj                  46      0         0      
       strspn.obj                     42      0         0      
       strcspn.obj                    36      0         0      
       _lock.obj                      20      0         8      
       args_main.obj                  24      0         0      
       strcmp.obj                     24      0         0      
       strrchr.obj                    24      0         0      
       strcpy.obj                     20      0         0      
       strlen.obj                     20      0         0      
       copy_decompress_none.obj       14      0         0      
       copy_zero_init.obj             12      0         0      
       errno.obj                      0       0         4      
       pre_init.obj                   4       0         0      
       stkdepth_vars.obj              0       0         4      
       mpu_init.obj                   2       0         0      
       startup.obj                    2       0         0      
    +--+------------------------------+-------+---------+---------+
       Total:                         3180    409       32     
                                                               
       Stack:                         0       0         512    
       Linker Generated:              0       62        0      
    +--+------------------------------+-------+---------+---------+
       Grand Total:                   19384   1584      18899  


LINKER GENERATED COPY TABLES

__TI_cinit_table @ 000051e8 records: 2, size/record: 8, table size: 16
	.data: load addr=000051b8, load size=0000001a bytes, run addr=20000000, run size=0000473d bytes, compression=lzss
	.bss: load addr=000051e0, load size=00000008 bytes, run addr=20004940, run size=00000096 bytes, compression=zero_init


LINKER GENERATED HANDLER TABLE

__TI_handler_table @ 000051d4 records: 3, size/record: 4, table size: 12
	index: 0, handler: __TI_decompress_lzss
	index: 1, handler: __TI_decompress_none
	index: 2, handler: __TI_zero_init


GLOBAL SYMBOLS: SORTED ALPHABETICALLY BY Name 

address   name                           
-------   ----                           
00004b01  C$$EXIT                        
00003877  ConfigureLCD                   
000022af  ConfigureTimer1                
000021e9  ConfigureUART                  
00003a11  DESELECT_SD                    
20000140  GPSNMEA                        
0000382b  HLine                          
0000336b  LCD_putCh                      
00004e17  ResetISR                       
000038e1  SELECT_SD                      
UNDEFED   SHT$$INIT_ARRAY$$Base          
UNDEFED   SHT$$INIT_ARRAY$$Limit         
00004dff  SSIDataGet                     
0000303d  Timer1AHandler                 
00002fb3  UARTIntHandler                 
00002319  UARTSend                       
000037df  VLine                          
20004940  __STACK_END                    
00000200  __STACK_SIZE                   
20004940  __STACK_TOP                    
000051e8  __TI_CINIT_Base                
000051f8  __TI_CINIT_Limit               
000051d4  __TI_Handler_Table_Base        
000051e0  __TI_Handler_Table_Limit       
00004965  __TI_auto_init                 
20004718  __TI_cleanup_ptr               
00004a43  __TI_decompress_lzss           
00004df1  __TI_decompress_none           
2000471c  __TI_dtors_ptr                 
20004720  __TI_enable_exit_profile_output
ffffffff  __TI_pprof_out_hndl            
ffffffff  __TI_prof_data_size            
ffffffff  __TI_prof_data_start           
00000000  __TI_static_base__             
00004e0b  __TI_zero_init                 
00004863  __aeabi_cdcmpeq                
00004863  __aeabi_cdcmple                
000049d5  __aeabi_d2f                    
00004bed  __aeabi_d2iz                   
00004c35  __aeabi_d2uiz                  
00004237  __aeabi_dadd                   
00004595  __aeabi_ddiv                   
000046cb  __aeabi_dmul                   
0000422d  __aeabi_dsub                   
00004cb9  __aeabi_f2d                    
00004cf1  __aeabi_i2d                    
000048e9  __aeabi_memclr                 
000048e9  __aeabi_memclr4                
000048e9  __aeabi_memclr8                
000047c7  __aeabi_memcpy                 
000047c7  __aeabi_memcpy4                
000047c7  __aeabi_memcpy8                
000048eb  __aeabi_memset                 
000048eb  __aeabi_memset4                
000048eb  __aeabi_memset8                
ffffffff  __binit__                      
ffffffff  __c_args__                     
000043e3  __mpu_init                     
20004740  __stack                        
00004d6d  _args_main                     
00004aad  _c_int00                       
00005008  _ctypes_                       
20004724  _lock                          
00004dc3  _nop                           
00004dbb  _register_lock                 
00004db5  _register_unlock               
00004963  _system_post_cinit             
00004e23  _system_pre_init               
20004728  _unlock                        
00004b05  abort                          
00004b55  atoi                           
ffffffff  binit                          
20000000  ch                             
000037c9  clearDisp                      
00000633  clust2sect                     
20000014  completeNMEA                   
00004ba1  copy_in                        
00003e59  disk_initialize                
00003cf5  disk_ioctl                     
00003b49  disk_read                      
00003af3  disk_status                    
00003add  disk_timerproc                 
00003a27  disk_write                     
000023a5  drawAlectryonLogo              
00002969  drawBMP                        
00002dfd  drawBMPFromFile2               
000036c9  drawFloat                      
0000364b  drawInt                        
000035cd  drawIntEdit                    
00003521  drawLine                       
000034df  drawPixel                      
00003485  drawString                     
00003421  drawStringB                    
0000456d  enterStandby                   
20004730  errno                          
00004b0d  exit                           
00002035  f_chmod                        
00002025  f_close                        
00001f4d  f_getfree                      
00001e09  f_lseek                        
00001c99  f_mkdir                        
00001c73  f_mount                        
00001b2b  f_open                         
00001acb  f_opendir                      
00001965  f_read                         
00001911  f_readdir                      
00001815  f_rename                       
00001621  f_stat                         
000014b1  f_sync                         
00001419  f_truncate                     
0000136d  f_unlink                       
00001171  f_utime                        
0000064b  f_write                        
0000056b  ff_convert                     
00000555  ff_wtoupper                    
00003301  fillRect                       
00000000  g_pfnVectors                   
000004b5  gen_numname                    
000003d3  get_fat                        
000038dd  get_fattime                    
0000325d  hardwareReset                  
20000018  index                          
0000329b  initDisplay                    
00002349  itoa                           
00002ca9  itof                           
20000020  led_state                      
0000281b  loadBMP                        
00002a71  main                           
20004734  main_func_sp                   
000047c7  memcpy                         
000048f1  memset                         
000043eb  parseGPSData                   
000002f1  put_fat                        
0000319b  setAddrWindow                  
00003123  setOrientation                 
000043e9  setOutputs                     
000043e7  setUpdateRate                  
00002095  shiftImg                       
00004d85  strcmp                         
00004dc9  strcpy                         
00004d49  strcspn                        
00004ddd  strlen                         
00004d9d  strrchr                        
00004d1f  strspn                         
00003ff1  strtod                         
00004c79  strtok                         
00003ff1  strtold                        
2000001c  temp_int                       
000043e5  wakeup                         
000030d7  write565                       
00003099  writeCmd                       


GLOBAL SYMBOLS: SORTED BY Symbol Address 

address   name                           
-------   ----                           
00000000  __TI_static_base__             
00000000  g_pfnVectors                   
00000200  __STACK_SIZE                   
000002f1  put_fat                        
000003d3  get_fat                        
000004b5  gen_numname                    
00000555  ff_wtoupper                    
0000056b  ff_convert                     
00000633  clust2sect                     
0000064b  f_write                        
00001171  f_utime                        
0000136d  f_unlink                       
00001419  f_truncate                     
000014b1  f_sync                         
00001621  f_stat                         
00001815  f_rename                       
00001911  f_readdir                      
00001965  f_read                         
00001acb  f_opendir                      
00001b2b  f_open                         
00001c73  f_mount                        
00001c99  f_mkdir                        
00001e09  f_lseek                        
00001f4d  f_getfree                      
00002025  f_close                        
00002035  f_chmod                        
00002095  shiftImg                       
000021e9  ConfigureUART                  
000022af  ConfigureTimer1                
00002319  UARTSend                       
00002349  itoa                           
000023a5  drawAlectryonLogo              
0000281b  loadBMP                        
00002969  drawBMP                        
00002a71  main                           
00002ca9  itof                           
00002dfd  drawBMPFromFile2               
00002fb3  UARTIntHandler                 
0000303d  Timer1AHandler                 
00003099  writeCmd                       
000030d7  write565                       
00003123  setOrientation                 
0000319b  setAddrWindow                  
0000325d  hardwareReset                  
0000329b  initDisplay                    
00003301  fillRect                       
0000336b  LCD_putCh                      
00003421  drawStringB                    
00003485  drawString                     
000034df  drawPixel                      
00003521  drawLine                       
000035cd  drawIntEdit                    
0000364b  drawInt                        
000036c9  drawFloat                      
000037c9  clearDisp                      
000037df  VLine                          
0000382b  HLine                          
00003877  ConfigureLCD                   
000038dd  get_fattime                    
000038e1  SELECT_SD                      
00003a11  DESELECT_SD                    
00003a27  disk_write                     
00003add  disk_timerproc                 
00003af3  disk_status                    
00003b49  disk_read                      
00003cf5  disk_ioctl                     
00003e59  disk_initialize                
00003ff1  strtod                         
00003ff1  strtold                        
0000422d  __aeabi_dsub                   
00004237  __aeabi_dadd                   
000043e3  __mpu_init                     
000043e5  wakeup                         
000043e7  setUpdateRate                  
000043e9  setOutputs                     
000043eb  parseGPSData                   
0000456d  enterStandby                   
00004595  __aeabi_ddiv                   
000046cb  __aeabi_dmul                   
000047c7  __aeabi_memcpy                 
000047c7  __aeabi_memcpy4                
000047c7  __aeabi_memcpy8                
000047c7  memcpy                         
00004863  __aeabi_cdcmpeq                
00004863  __aeabi_cdcmple                
000048e9  __aeabi_memclr                 
000048e9  __aeabi_memclr4                
000048e9  __aeabi_memclr8                
000048eb  __aeabi_memset                 
000048eb  __aeabi_memset4                
000048eb  __aeabi_memset8                
000048f1  memset                         
00004963  _system_post_cinit             
00004965  __TI_auto_init                 
000049d5  __aeabi_d2f                    
00004a43  __TI_decompress_lzss           
00004aad  _c_int00                       
00004b01  C$$EXIT                        
00004b05  abort                          
00004b0d  exit                           
00004b55  atoi                           
00004ba1  copy_in                        
00004bed  __aeabi_d2iz                   
00004c35  __aeabi_d2uiz                  
00004c79  strtok                         
00004cb9  __aeabi_f2d                    
00004cf1  __aeabi_i2d                    
00004d1f  strspn                         
00004d49  strcspn                        
00004d6d  _args_main                     
00004d85  strcmp                         
00004d9d  strrchr                        
00004db5  _register_unlock               
00004dbb  _register_lock                 
00004dc3  _nop                           
00004dc9  strcpy                         
00004ddd  strlen                         
00004df1  __TI_decompress_none           
00004dff  SSIDataGet                     
00004e0b  __TI_zero_init                 
00004e17  ResetISR                       
00004e23  _system_pre_init               
00005008  _ctypes_                       
000051d4  __TI_Handler_Table_Base        
000051e0  __TI_Handler_Table_Limit       
000051e8  __TI_CINIT_Base                
000051f8  __TI_CINIT_Limit               
20000000  ch                             
20000014  completeNMEA                   
20000018  index                          
2000001c  temp_int                       
20000020  led_state                      
20000140  GPSNMEA                        
20004718  __TI_cleanup_ptr               
2000471c  __TI_dtors_ptr                 
20004720  __TI_enable_exit_profile_output
20004724  _lock                          
20004728  _unlock                        
20004730  errno                          
20004734  main_func_sp                   
20004740  __stack                        
20004940  __STACK_END                    
20004940  __STACK_TOP                    
ffffffff  __TI_pprof_out_hndl            
ffffffff  __TI_prof_data_size            
ffffffff  __TI_prof_data_start           
ffffffff  __binit__                      
ffffffff  __c_args__                     
ffffffff  binit                          
UNDEFED   SHT$$INIT_ARRAY$$Base          
UNDEFED   SHT$$INIT_ARRAY$$Limit         

[151 symbols]
