<?xml version="1.0"?>
<link_info>
   <banner>TI ARM Linker PC v16.9.3.LTS</banner>
   <copyright>Copyright (c) 1996-2017 Texas Instruments Incorporated</copyright>
   <link_time>0x5966fdad</link_time>
   <link_errors>0x0</link_errors>
   <output_file>GPS.out</output_file>
   <entry_point>
      <name>_c_int00</name>
      <address>0x4269</address>
   </entry_point>
   <input_file_list>
      <input_file id="fl-2">
         <path>.\</path>
         <kind>object</kind>
         <file>GPSData.obj</file>
         <name>GPSData.obj</name>
      </input_file>
      <input_file id="fl-3">
         <path>.\</path>
         <kind>object</kind>
         <file>ST7735.obj</file>
         <name>ST7735.obj</name>
      </input_file>
      <input_file id="fl-4">
         <path>.\</path>
         <kind>object</kind>
         <file>main.obj</file>
         <name>main.obj</name>
      </input_file>
      <input_file id="fl-5">
         <path>.\</path>
         <kind>object</kind>
         <file>tm4c123gh6pm_startup_ccs.obj</file>
         <name>tm4c123gh6pm_startup_ccs.obj</name>
      </input_file>
      <input_file id="fl-6">
         <path>.\fatfs\</path>
         <kind>object</kind>
         <file>ff.obj</file>
         <name>ff.obj</name>
      </input_file>
      <input_file id="fl-7">
         <path>.\fatfs\</path>
         <kind>object</kind>
         <file>mmc-dk-tm4c123g.obj</file>
         <name>mmc-dk-tm4c123g.obj</name>
      </input_file>
      <input_file id="fl-c">
         <kind>object</kind>
         <file>&lt;internal&gt;</file>
         <name>&lt;internal&gt;</name>
      </input_file>
      <input_file id="fl-c2">
         <path>C:\ti\ccsv7\tools\compiler\ti-cgt-arm_16.9.3.LTS\lib\</path>
         <kind>archive</kind>
         <file>rtsv7M4_T_le_v4SPD16_eabi.lib</file>
         <name>atoi.obj</name>
      </input_file>
      <input_file id="fl-c3">
         <path>C:\ti\ccsv7\tools\compiler\ti-cgt-arm_16.9.3.LTS\lib\</path>
         <kind>archive</kind>
         <file>rtsv7M4_T_le_v4SPD16_eabi.lib</file>
         <name>boot.obj</name>
      </input_file>
      <input_file id="fl-c4">
         <path>C:\ti\ccsv7\tools\compiler\ti-cgt-arm_16.9.3.LTS\lib\</path>
         <kind>archive</kind>
         <file>rtsv7M4_T_le_v4SPD16_eabi.lib</file>
         <name>copy_decompress_lzss.obj</name>
      </input_file>
      <input_file id="fl-c5">
         <path>C:\ti\ccsv7\tools\compiler\ti-cgt-arm_16.9.3.LTS\lib\</path>
         <kind>archive</kind>
         <file>rtsv7M4_T_le_v4SPD16_eabi.lib</file>
         <name>copy_decompress_none.obj</name>
      </input_file>
      <input_file id="fl-c6">
         <path>C:\ti\ccsv7\tools\compiler\ti-cgt-arm_16.9.3.LTS\lib\</path>
         <kind>archive</kind>
         <file>rtsv7M4_T_le_v4SPD16_eabi.lib</file>
         <name>copy_zero_init.obj</name>
      </input_file>
      <input_file id="fl-c7">
         <path>C:\ti\ccsv7\tools\compiler\ti-cgt-arm_16.9.3.LTS\lib\</path>
         <kind>archive</kind>
         <file>rtsv7M4_T_le_v4SPD16_eabi.lib</file>
         <name>ctype.obj</name>
      </input_file>
      <input_file id="fl-c8">
         <path>C:\ti\ccsv7\tools\compiler\ti-cgt-arm_16.9.3.LTS\lib\</path>
         <kind>archive</kind>
         <file>rtsv7M4_T_le_v4SPD16_eabi.lib</file>
         <name>exit.obj</name>
      </input_file>
      <input_file id="fl-c9">
         <path>C:\ti\ccsv7\tools\compiler\ti-cgt-arm_16.9.3.LTS\lib\</path>
         <kind>archive</kind>
         <file>rtsv7M4_T_le_v4SPD16_eabi.lib</file>
         <name>fd_add_t2.obj</name>
      </input_file>
      <input_file id="fl-ca">
         <path>C:\ti\ccsv7\tools\compiler\ti-cgt-arm_16.9.3.LTS\lib\</path>
         <kind>archive</kind>
         <file>rtsv7M4_T_le_v4SPD16_eabi.lib</file>
         <name>fd_cmp_t2.obj</name>
      </input_file>
      <input_file id="fl-cb">
         <path>C:\ti\ccsv7\tools\compiler\ti-cgt-arm_16.9.3.LTS\lib\</path>
         <kind>archive</kind>
         <file>rtsv7M4_T_le_v4SPD16_eabi.lib</file>
         <name>fd_div_t2.obj</name>
      </input_file>
      <input_file id="fl-cc">
         <path>C:\ti\ccsv7\tools\compiler\ti-cgt-arm_16.9.3.LTS\lib\</path>
         <kind>archive</kind>
         <file>rtsv7M4_T_le_v4SPD16_eabi.lib</file>
         <name>fd_mul_t2.obj</name>
      </input_file>
      <input_file id="fl-cd">
         <path>C:\ti\ccsv7\tools\compiler\ti-cgt-arm_16.9.3.LTS\lib\</path>
         <kind>archive</kind>
         <file>rtsv7M4_T_le_v4SPD16_eabi.lib</file>
         <name>fd_toi_t2.obj</name>
      </input_file>
      <input_file id="fl-ce">
         <path>C:\ti\ccsv7\tools\compiler\ti-cgt-arm_16.9.3.LTS\lib\</path>
         <kind>archive</kind>
         <file>rtsv7M4_T_le_v4SPD16_eabi.lib</file>
         <name>fd_tos_t2.obj</name>
      </input_file>
      <input_file id="fl-cf">
         <path>C:\ti\ccsv7\tools\compiler\ti-cgt-arm_16.9.3.LTS\lib\</path>
         <kind>archive</kind>
         <file>rtsv7M4_T_le_v4SPD16_eabi.lib</file>
         <name>fd_tou_t2.obj</name>
      </input_file>
      <input_file id="fl-d0">
         <path>C:\ti\ccsv7\tools\compiler\ti-cgt-arm_16.9.3.LTS\lib\</path>
         <kind>archive</kind>
         <file>rtsv7M4_T_le_v4SPD16_eabi.lib</file>
         <name>fs_tod_t2.obj</name>
      </input_file>
      <input_file id="fl-d1">
         <path>C:\ti\ccsv7\tools\compiler\ti-cgt-arm_16.9.3.LTS\lib\</path>
         <kind>archive</kind>
         <file>rtsv7M4_T_le_v4SPD16_eabi.lib</file>
         <name>i_tofd_t2.obj</name>
      </input_file>
      <input_file id="fl-d2">
         <path>C:\ti\ccsv7\tools\compiler\ti-cgt-arm_16.9.3.LTS\lib\</path>
         <kind>archive</kind>
         <file>rtsv7M4_T_le_v4SPD16_eabi.lib</file>
         <name>memcpy_t2.obj</name>
      </input_file>
      <input_file id="fl-d3">
         <path>C:\ti\ccsv7\tools\compiler\ti-cgt-arm_16.9.3.LTS\lib\</path>
         <kind>archive</kind>
         <file>rtsv7M4_T_le_v4SPD16_eabi.lib</file>
         <name>memset_t2.obj</name>
      </input_file>
      <input_file id="fl-d4">
         <path>C:\ti\ccsv7\tools\compiler\ti-cgt-arm_16.9.3.LTS\lib\</path>
         <kind>archive</kind>
         <file>rtsv7M4_T_le_v4SPD16_eabi.lib</file>
         <name>mpu_init.obj</name>
      </input_file>
      <input_file id="fl-d5">
         <path>C:\ti\ccsv7\tools\compiler\ti-cgt-arm_16.9.3.LTS\lib\</path>
         <kind>archive</kind>
         <file>rtsv7M4_T_le_v4SPD16_eabi.lib</file>
         <name>pre_init.obj</name>
      </input_file>
      <input_file id="fl-d6">
         <path>C:\ti\ccsv7\tools\compiler\ti-cgt-arm_16.9.3.LTS\lib\</path>
         <kind>archive</kind>
         <file>rtsv7M4_T_le_v4SPD16_eabi.lib</file>
         <name>stkdepth_vars.obj</name>
      </input_file>
      <input_file id="fl-d7">
         <path>C:\ti\ccsv7\tools\compiler\ti-cgt-arm_16.9.3.LTS\lib\</path>
         <kind>archive</kind>
         <file>rtsv7M4_T_le_v4SPD16_eabi.lib</file>
         <name>strcmp.obj</name>
      </input_file>
      <input_file id="fl-d8">
         <path>C:\ti\ccsv7\tools\compiler\ti-cgt-arm_16.9.3.LTS\lib\</path>
         <kind>archive</kind>
         <file>rtsv7M4_T_le_v4SPD16_eabi.lib</file>
         <name>strcpy.obj</name>
      </input_file>
      <input_file id="fl-d9">
         <path>C:\ti\ccsv7\tools\compiler\ti-cgt-arm_16.9.3.LTS\lib\</path>
         <kind>archive</kind>
         <file>rtsv7M4_T_le_v4SPD16_eabi.lib</file>
         <name>strlen.obj</name>
      </input_file>
      <input_file id="fl-da">
         <path>C:\ti\ccsv7\tools\compiler\ti-cgt-arm_16.9.3.LTS\lib\</path>
         <kind>archive</kind>
         <file>rtsv7M4_T_le_v4SPD16_eabi.lib</file>
         <name>strrchr.obj</name>
      </input_file>
      <input_file id="fl-db">
         <path>C:\ti\ccsv7\tools\compiler\ti-cgt-arm_16.9.3.LTS\lib\</path>
         <kind>archive</kind>
         <file>rtsv7M4_T_le_v4SPD16_eabi.lib</file>
         <name>strtod.obj</name>
      </input_file>
      <input_file id="fl-dc">
         <path>C:\ti\ccsv7\tools\compiler\ti-cgt-arm_16.9.3.LTS\lib\</path>
         <kind>archive</kind>
         <file>rtsv7M4_T_le_v4SPD16_eabi.lib</file>
         <name>strtok.obj</name>
      </input_file>
      <input_file id="fl-dd">
         <path>C:\ti\ccsv7\tools\compiler\ti-cgt-arm_16.9.3.LTS\lib\</path>
         <kind>archive</kind>
         <file>rtsv7M4_T_le_v4SPD16_eabi.lib</file>
         <name>_lock.obj</name>
      </input_file>
      <input_file id="fl-de">
         <path>C:\ti\ccsv7\tools\compiler\ti-cgt-arm_16.9.3.LTS\lib\</path>
         <kind>archive</kind>
         <file>rtsv7M4_T_le_v4SPD16_eabi.lib</file>
         <name>args_main.obj</name>
      </input_file>
      <input_file id="fl-df">
         <path>C:\ti\ccsv7\tools\compiler\ti-cgt-arm_16.9.3.LTS\lib\</path>
         <kind>archive</kind>
         <file>rtsv7M4_T_le_v4SPD16_eabi.lib</file>
         <name>autoinit.obj</name>
      </input_file>
      <input_file id="fl-e0">
         <path>C:\ti\ccsv7\tools\compiler\ti-cgt-arm_16.9.3.LTS\lib\</path>
         <kind>archive</kind>
         <file>rtsv7M4_T_le_v4SPD16_eabi.lib</file>
         <name>cpy_tbl.obj</name>
      </input_file>
      <input_file id="fl-e1">
         <path>C:\ti\ccsv7\tools\compiler\ti-cgt-arm_16.9.3.LTS\lib\</path>
         <kind>archive</kind>
         <file>rtsv7M4_T_le_v4SPD16_eabi.lib</file>
         <name>errno.obj</name>
      </input_file>
      <input_file id="fl-e2">
         <path>C:\ti\ccsv7\tools\compiler\ti-cgt-arm_16.9.3.LTS\lib\</path>
         <kind>archive</kind>
         <file>rtsv7M4_T_le_v4SPD16_eabi.lib</file>
         <name>startup.obj</name>
      </input_file>
      <input_file id="fl-e3">
         <path>C:\ti\ccsv7\tools\compiler\ti-cgt-arm_16.9.3.LTS\lib\</path>
         <kind>archive</kind>
         <file>rtsv7M4_T_le_v4SPD16_eabi.lib</file>
         <name>strcspn.obj</name>
      </input_file>
      <input_file id="fl-e4">
         <path>C:\ti\ccsv7\tools\compiler\ti-cgt-arm_16.9.3.LTS\lib\</path>
         <kind>archive</kind>
         <file>rtsv7M4_T_le_v4SPD16_eabi.lib</file>
         <name>strspn.obj</name>
      </input_file>
      <input_file id="fl-e5">
         <path>C:\ti\TivaWare_C_Series-2.1.3.156\driverlib\ccs\Debug\</path>
         <kind>archive</kind>
         <file>driverlib.lib</file>
         <name>ssi.obj</name>
      </input_file>
      <input_file id="fl-e6">
         <path>C:\ti\TivaWare_C_Series-2.1.3.156\driverlib\ccs\Debug\</path>
         <kind>archive</kind>
         <file>driverlib.lib</file>
         <name>interrupt.obj</name>
      </input_file>
      <input_file id="fl-e7">
         <path>C:\ti\TivaWare_C_Series-2.1.3.156\driverlib\ccs\Debug\</path>
         <kind>archive</kind>
         <file>driverlib.lib</file>
         <name>cpu.obj</name>
      </input_file>
   </input_file_list>
   <object_component_list>
      <object_component id="oc-f">
         <name>.intvecs</name>
         <load_address>0x0</load_address>
         <run_address>0x0</run_address>
         <size>0x26c</size>
         <input_file_ref idref="fl-5"/>
      </object_component>
      <object_component id="oc-99">
         <name>.text</name>
         <load_address>0x26c</load_address>
         <run_address>0x26c</run_address>
         <size>0x1e28</size>
         <input_file_ref idref="fl-6"/>
      </object_component>
      <object_component id="oc-a5">
         <name>.text</name>
         <load_address>0x2094</load_address>
         <run_address>0x2094</run_address>
         <size>0x844</size>
         <input_file_ref idref="fl-3"/>
      </object_component>
      <object_component id="oc-31">
         <name>.text</name>
         <load_address>0x28d8</load_address>
         <run_address>0x28d8</run_address>
         <size>0x7c0</size>
         <input_file_ref idref="fl-4"/>
      </object_component>
      <object_component id="oc-ab">
         <name>.text</name>
         <load_address>0x3098</load_address>
         <run_address>0x3098</run_address>
         <size>0x714</size>
         <input_file_ref idref="fl-7"/>
      </object_component>
      <object_component id="oc-162">
         <name>.text</name>
         <load_address>0x37ac</load_address>
         <run_address>0x37ac</run_address>
         <size>0x23c</size>
         <input_file_ref idref="fl-db"/>
      </object_component>
      <object_component id="oc-168">
         <name>.text</name>
         <load_address>0x39e8</load_address>
         <run_address>0x39e8</run_address>
         <size>0x1b6</size>
         <input_file_ref idref="fl-c9"/>
      </object_component>
      <object_component id="oc-5d">
         <name>.text</name>
         <load_address>0x3b9e</load_address>
         <run_address>0x3b9e</run_address>
         <size>0x2</size>
         <input_file_ref idref="fl-d4"/>
      </object_component>
      <object_component id="oc-b9">
         <name>.text</name>
         <load_address>0x3ba0</load_address>
         <run_address>0x3ba0</run_address>
         <size>0x1b0</size>
         <input_file_ref idref="fl-2"/>
      </object_component>
      <object_component id="oc-8a">
         <name>.text</name>
         <load_address>0x3d50</load_address>
         <run_address>0x3d50</run_address>
         <size>0x136</size>
         <input_file_ref idref="fl-cb"/>
      </object_component>
      <object_component id="oc-94">
         <name>.text</name>
         <load_address>0x3e86</load_address>
         <run_address>0x3e86</run_address>
         <size>0xfc</size>
         <input_file_ref idref="fl-cc"/>
      </object_component>
      <object_component id="oc-45">
         <name>.text</name>
         <load_address>0x3f82</load_address>
         <run_address>0x3f82</run_address>
         <size>0x9c</size>
         <input_file_ref idref="fl-d2"/>
      </object_component>
      <object_component id="oc-80">
         <name>.text:__aeabi_cdcmple</name>
         <load_address>0x401e</load_address>
         <run_address>0x401e</run_address>
         <size>0x86</size>
         <input_file_ref idref="fl-ca"/>
      </object_component>
      <object_component id="oc-51">
         <name>.text</name>
         <load_address>0x40a4</load_address>
         <run_address>0x40a4</run_address>
         <size>0x7a</size>
         <input_file_ref idref="fl-d3"/>
      </object_component>
      <object_component id="oc-fc">
         <name>.text</name>
         <load_address>0x411e</load_address>
         <run_address>0x411e</run_address>
         <size>0x2</size>
         <input_file_ref idref="fl-e2"/>
      </object_component>
      <object_component id="oc-69">
         <name>.text</name>
         <load_address>0x4120</load_address>
         <run_address>0x4120</run_address>
         <size>0x70</size>
         <input_file_ref idref="fl-df"/>
      </object_component>
      <object_component id="oc-16d">
         <name>.text</name>
         <load_address>0x4190</load_address>
         <run_address>0x4190</run_address>
         <size>0x6e</size>
         <input_file_ref idref="fl-ce"/>
      </object_component>
      <object_component id="oc-12">
         <name>.text:decompress:lzss</name>
         <load_address>0x41fe</load_address>
         <run_address>0x41fe</run_address>
         <size>0x68</size>
         <input_file_ref idref="fl-c4"/>
      </object_component>
      <object_component id="oc-24">
         <name>.text</name>
         <load_address>0x4268</load_address>
         <run_address>0x4268</run_address>
         <size>0x54</size>
         <input_file_ref idref="fl-c3"/>
      </object_component>
      <object_component id="oc-75">
         <name>.text</name>
         <load_address>0x42bc</load_address>
         <run_address>0x42bc</run_address>
         <size>0x54</size>
         <input_file_ref idref="fl-c8"/>
      </object_component>
      <object_component id="oc-156">
         <name>.text</name>
         <load_address>0x4310</load_address>
         <run_address>0x4310</run_address>
         <size>0x4c</size>
         <input_file_ref idref="fl-c2"/>
      </object_component>
      <object_component id="oc-f6">
         <name>.text</name>
         <load_address>0x435c</load_address>
         <run_address>0x435c</run_address>
         <size>0x4c</size>
         <input_file_ref idref="fl-e0"/>
      </object_component>
      <object_component id="oc-12f">
         <name>.text</name>
         <load_address>0x43a8</load_address>
         <run_address>0x43a8</run_address>
         <size>0x48</size>
         <input_file_ref idref="fl-cd"/>
      </object_component>
      <object_component id="oc-8f">
         <name>.text</name>
         <load_address>0x43f0</load_address>
         <run_address>0x43f0</run_address>
         <size>0x44</size>
         <input_file_ref idref="fl-cf"/>
      </object_component>
      <object_component id="oc-14a">
         <name>.text</name>
         <load_address>0x4434</load_address>
         <run_address>0x4434</run_address>
         <size>0x40</size>
         <input_file_ref idref="fl-dc"/>
      </object_component>
      <object_component id="oc-b4">
         <name>.text</name>
         <load_address>0x4474</load_address>
         <run_address>0x4474</run_address>
         <size>0x38</size>
         <input_file_ref idref="fl-d0"/>
      </object_component>
      <object_component id="oc-85">
         <name>.text</name>
         <load_address>0x44ac</load_address>
         <run_address>0x44ac</run_address>
         <size>0x2e</size>
         <input_file_ref idref="fl-d1"/>
      </object_component>
      <object_component id="oc-1be">
         <name>.text</name>
         <load_address>0x44da</load_address>
         <run_address>0x44da</run_address>
         <size>0x2a</size>
         <input_file_ref idref="fl-e4"/>
      </object_component>
      <object_component id="oc-1c4">
         <name>.text</name>
         <load_address>0x4504</load_address>
         <run_address>0x4504</run_address>
         <size>0x24</size>
         <input_file_ref idref="fl-e3"/>
      </object_component>
      <object_component id="oc-6f">
         <name>.text</name>
         <load_address>0x4528</load_address>
         <run_address>0x4528</run_address>
         <size>0x18</size>
         <input_file_ref idref="fl-de"/>
      </object_component>
      <object_component id="oc-150">
         <name>.text</name>
         <load_address>0x4540</load_address>
         <run_address>0x4540</run_address>
         <size>0x18</size>
         <input_file_ref idref="fl-d7"/>
      </object_component>
      <object_component id="oc-15c">
         <name>.text</name>
         <load_address>0x4558</load_address>
         <run_address>0x4558</run_address>
         <size>0x18</size>
         <input_file_ref idref="fl-da"/>
      </object_component>
      <object_component id="oc-19b">
         <name>.text</name>
         <load_address>0x4570</load_address>
         <run_address>0x4570</run_address>
         <size>0x14</size>
         <input_file_ref idref="fl-dd"/>
      </object_component>
      <object_component id="oc-bf">
         <name>.text</name>
         <load_address>0x4584</load_address>
         <run_address>0x4584</run_address>
         <size>0x14</size>
         <input_file_ref idref="fl-d8"/>
      </object_component>
      <object_component id="oc-9f">
         <name>.text</name>
         <load_address>0x4598</load_address>
         <run_address>0x4598</run_address>
         <size>0x14</size>
         <input_file_ref idref="fl-d9"/>
      </object_component>
      <object_component id="oc-18">
         <name>.text:decompress:none</name>
         <load_address>0x45ac</load_address>
         <run_address>0x45ac</run_address>
         <size>0xe</size>
         <input_file_ref idref="fl-c5"/>
      </object_component>
      <object_component id="oc-126">
         <name>.text:SSIDataGet</name>
         <load_address>0x45ba</load_address>
         <run_address>0x45ba</run_address>
         <size>0xc</size>
         <input_file_ref idref="fl-e5"/>
      </object_component>
      <object_component id="oc-1e">
         <name>.text:decompress:ZI</name>
         <load_address>0x45c6</load_address>
         <run_address>0x45c6</run_address>
         <size>0xc</size>
         <input_file_ref idref="fl-c6"/>
      </object_component>
      <object_component id="oc-2b">
         <name>.text</name>
         <load_address>0x45d2</load_address>
         <run_address>0x45d2</run_address>
         <size>0xc</size>
         <input_file_ref idref="fl-5"/>
      </object_component>
      <object_component id="oc-63">
         <name>.text</name>
         <load_address>0x45de</load_address>
         <run_address>0x45de</run_address>
         <size>0x4</size>
         <input_file_ref idref="fl-d5"/>
      </object_component>
      <object_component id="oc-12c">
         <name>.const:FONT_CHARS</name>
         <load_address>0x45e8</load_address>
         <run_address>0x45e8</run_address>
         <size>0x1e0</size>
         <input_file_ref idref="fl-3"/>
      </object_component>
      <object_component id="oc-1d1">
         <name>.const:.string:_ctypes_</name>
         <load_address>0x47c8</load_address>
         <run_address>0x47c8</run_address>
         <size>0x101</size>
         <input_file_ref idref="fl-c7"/>
      </object_component>
      <object_component id="oc-1d8">
         <name>.const:$O1$$</name>
         <load_address>0x48d0</load_address>
         <run_address>0x48d0</run_address>
         <size>0x98</size>
         <input_file_ref idref="fl-db"/>
      </object_component>
      <object_component id="oc-119">
         <name>.const:.string:LfnOfs</name>
         <load_address>0x4968</load_address>
         <run_address>0x4968</run_address>
         <size>0xd</size>
         <input_file_ref idref="fl-6"/>
      </object_component>
      <object_component id="oc-238">
         <name>.cinit..data.load</name>
         <load_address>0x4978</load_address>
         <run_address>0x4978</run_address>
         <size>0x1a</size>
      </object_component>
      <object_component id="oc-236">
         <name>__TI_handler_table</name>
         <load_address>0x4994</load_address>
         <run_address>0x4994</run_address>
         <size>0xc</size>
      </object_component>
      <object_component id="oc-239">
         <name>.cinit..bss.load</name>
         <load_address>0x49a0</load_address>
         <run_address>0x49a0</run_address>
         <size>0x8</size>
      </object_component>
      <object_component id="oc-237">
         <name>__TI_cinit_table</name>
         <load_address>0x49a8</load_address>
         <run_address>0x49a8</run_address>
         <size>0x10</size>
      </object_component>
      <object_component id="oc-b1">
         <name>.data:$O1$$</name>
         <load_address>0x20000000</load_address>
         <run_address>0x20000000</run_address>
         <size>0x708</size>
         <input_file_ref idref="fl-4"/>
      </object_component>
      <object_component id="oc-13c">
         <name>.data</name>
         <load_address>0x2000072c</load_address>
         <run_address>0x2000072c</run_address>
         <size>0x1</size>
         <input_file_ref idref="fl-7"/>
      </object_component>
      <object_component id="oc-139">
         <name>.data:$O1$$</name>
         <load_address>0x2000071c</load_address>
         <run_address>0x2000071c</run_address>
         <size>0x4</size>
         <input_file_ref idref="fl-7"/>
      </object_component>
      <object_component id="oc-106">
         <name>.data:$O1$$</name>
         <load_address>0x20000708</load_address>
         <run_address>0x20000708</run_address>
         <size>0xc</size>
         <input_file_ref idref="fl-c8"/>
      </object_component>
      <object_component id="oc-7b">
         <name>.data</name>
         <load_address>0x20000724</load_address>
         <run_address>0x20000724</run_address>
         <size>0x4</size>
         <input_file_ref idref="fl-d6"/>
      </object_component>
      <object_component id="oc-1ca">
         <name>.data</name>
         <load_address>0x20000728</load_address>
         <run_address>0x20000728</run_address>
         <size>0x4</size>
         <input_file_ref idref="fl-dc"/>
      </object_component>
      <object_component id="oc-109">
         <name>.data:$O1$$</name>
         <load_address>0x20000714</load_address>
         <run_address>0x20000714</run_address>
         <size>0x8</size>
         <input_file_ref idref="fl-dd"/>
      </object_component>
      <object_component id="oc-1db">
         <name>.data</name>
         <load_address>0x20000720</load_address>
         <run_address>0x20000720</run_address>
         <size>0x4</size>
         <input_file_ref idref="fl-e1"/>
      </object_component>
      <object_component id="oc-172">
         <name>.bss:$O1$$</name>
         <uninitialized>true</uninitialized>
         <run_address>0x200009bc</run_address>
         <size>0x8</size>
         <input_file_ref idref="fl-2"/>
      </object_component>
      <object_component id="oc-116">
         <name>.bss:$O1$$</name>
         <uninitialized>true</uninitialized>
         <run_address>0x20000930</run_address>
         <size>0x8c</size>
         <input_file_ref idref="fl-6"/>
      </object_component>
      <object_component id="oc-136">
         <name>.bss</name>
         <uninitialized>true</uninitialized>
         <run_address>0x200009c4</run_address>
         <size>0x2</size>
         <input_file_ref idref="fl-7"/>
      </object_component>
      <object_component id="oc-2a">
         <name>.stack</name>
         <uninitialized>true</uninitialized>
         <run_address>0x20000730</run_address>
         <size>0x0</size>
         <input_file_ref idref="fl-c3"/>
      </object_component>
      <object_component id="oc-23a">
         <name>.stack</name>
         <uninitialized>true</uninitialized>
         <run_address>0x20000730</run_address>
         <size>0x0</size>
      </object_component>
      <object_component id="oc-176">
         <name>.debug_info</name>
         <load_address>0x0</load_address>
         <run_address>0x0</run_address>
         <size>0x3a1</size>
         <input_file_ref idref="fl-2"/>
      </object_component>
      <object_component id="oc-173">
         <name>.debug_info</name>
         <load_address>0x3a1</load_address>
         <run_address>0x3a1</run_address>
         <size>0xea</size>
         <input_file_ref idref="fl-2"/>
      </object_component>
      <object_component id="oc-ba">
         <name>.debug_info</name>
         <load_address>0x48b</load_address>
         <run_address>0x48b</run_address>
         <size>0x475</size>
         <input_file_ref idref="fl-2"/>
      </object_component>
      <object_component id="oc-17c">
         <name>.debug_info</name>
         <load_address>0x900</load_address>
         <run_address>0x900</run_address>
         <size>0x110</size>
         <input_file_ref idref="fl-2"/>
      </object_component>
      <object_component id="oc-d7">
         <name>.debug_info</name>
         <load_address>0xa10</load_address>
         <run_address>0xa10</run_address>
         <size>0xb9</size>
         <input_file_ref idref="fl-2"/>
      </object_component>
      <object_component id="oc-40">
         <name>.debug_info</name>
         <load_address>0xac9</load_address>
         <run_address>0xac9</run_address>
         <size>0x84</size>
         <input_file_ref idref="fl-2"/>
      </object_component>
      <object_component id="oc-c8">
         <name>.debug_info</name>
         <load_address>0xb4d</load_address>
         <run_address>0xb4d</run_address>
         <size>0x18b</size>
         <input_file_ref idref="fl-2"/>
      </object_component>
      <object_component id="oc-135">
         <name>.debug_info</name>
         <load_address>0xcd8</load_address>
         <run_address>0xcd8</run_address>
         <size>0x394</size>
         <input_file_ref idref="fl-3"/>
      </object_component>
      <object_component id="oc-12d">
         <name>.debug_info</name>
         <load_address>0x106c</load_address>
         <run_address>0x106c</run_address>
         <size>0xcd</size>
         <input_file_ref idref="fl-3"/>
      </object_component>
      <object_component id="oc-a6">
         <name>.debug_info</name>
         <load_address>0x1139</load_address>
         <run_address>0x1139</run_address>
         <size>0x1236</size>
         <input_file_ref idref="fl-3"/>
      </object_component>
      <object_component id="oc-c6">
         <name>.debug_info</name>
         <load_address>0x236f</load_address>
         <run_address>0x236f</run_address>
         <size>0x8df</size>
         <input_file_ref idref="fl-4"/>
      </object_component>
      <object_component id="oc-b2">
         <name>.debug_info</name>
         <load_address>0x2c4e</load_address>
         <run_address>0x2c4e</run_address>
         <size>0x2bb</size>
         <input_file_ref idref="fl-4"/>
      </object_component>
      <object_component id="oc-33">
         <name>.debug_info</name>
         <load_address>0x2f09</load_address>
         <run_address>0x2f09</run_address>
         <size>0xbf4</size>
         <input_file_ref idref="fl-4"/>
      </object_component>
      <object_component id="oc-d2">
         <name>.debug_info</name>
         <load_address>0x3afd</load_address>
         <run_address>0x3afd</run_address>
         <size>0x515</size>
         <input_file_ref idref="fl-4"/>
      </object_component>
      <object_component id="oc-11d">
         <name>.debug_info</name>
         <load_address>0x4012</load_address>
         <run_address>0x4012</run_address>
         <size>0xe4</size>
         <input_file_ref idref="fl-4"/>
      </object_component>
      <object_component id="oc-142">
         <name>.debug_info</name>
         <load_address>0x40f6</load_address>
         <run_address>0x40f6</run_address>
         <size>0x70</size>
         <input_file_ref idref="fl-4"/>
      </object_component>
      <object_component id="oc-cd">
         <name>.debug_info</name>
         <load_address>0x4166</load_address>
         <run_address>0x4166</run_address>
         <size>0x8b</size>
         <input_file_ref idref="fl-4"/>
      </object_component>
      <object_component id="oc-39">
         <name>.debug_info</name>
         <load_address>0x41f1</load_address>
         <run_address>0x41f1</run_address>
         <size>0x2db</size>
         <input_file_ref idref="fl-5"/>
      </object_component>
      <object_component id="oc-10">
         <name>.debug_info</name>
         <load_address>0x44cc</load_address>
         <run_address>0x44cc</run_address>
         <size>0xe4</size>
         <input_file_ref idref="fl-5"/>
      </object_component>
      <object_component id="oc-2f">
         <name>.debug_info</name>
         <load_address>0x45b0</load_address>
         <run_address>0x45b0</run_address>
         <size>0x260</size>
         <input_file_ref idref="fl-5"/>
      </object_component>
      <object_component id="oc-122">
         <name>.debug_info</name>
         <load_address>0x4810</load_address>
         <run_address>0x4810</run_address>
         <size>0x51e</size>
         <input_file_ref idref="fl-6"/>
      </object_component>
      <object_component id="oc-11a">
         <name>.debug_info</name>
         <load_address>0x4d2e</load_address>
         <run_address>0x4d2e</run_address>
         <size>0xc8</size>
         <input_file_ref idref="fl-6"/>
      </object_component>
      <object_component id="oc-117">
         <name>.debug_info</name>
         <load_address>0x4df6</load_address>
         <run_address>0x4df6</run_address>
         <size>0xfc</size>
         <input_file_ref idref="fl-6"/>
      </object_component>
      <object_component id="oc-9a">
         <name>.debug_info</name>
         <load_address>0x4ef2</load_address>
         <run_address>0x4ef2</run_address>
         <size>0x3065</size>
         <input_file_ref idref="fl-6"/>
      </object_component>
      <object_component id="oc-140">
         <name>.debug_info</name>
         <load_address>0x7f57</load_address>
         <run_address>0x7f57</run_address>
         <size>0x2e1</size>
         <input_file_ref idref="fl-7"/>
      </object_component>
      <object_component id="oc-13d">
         <name>.debug_info</name>
         <load_address>0x8238</load_address>
         <run_address>0x8238</run_address>
         <size>0xd0</size>
         <input_file_ref idref="fl-7"/>
      </object_component>
      <object_component id="oc-137">
         <name>.debug_info</name>
         <load_address>0x8308</load_address>
         <run_address>0x8308</run_address>
         <size>0xf0</size>
         <input_file_ref idref="fl-7"/>
      </object_component>
      <object_component id="oc-13a">
         <name>.debug_info</name>
         <load_address>0x83f8</load_address>
         <run_address>0x83f8</run_address>
         <size>0xfa</size>
         <input_file_ref idref="fl-7"/>
      </object_component>
      <object_component id="oc-af">
         <name>.debug_info</name>
         <load_address>0x84f2</load_address>
         <run_address>0x84f2</run_address>
         <size>0x11c0</size>
         <input_file_ref idref="fl-7"/>
      </object_component>
      <object_component id="oc-1d5">
         <name>.debug_info</name>
         <load_address>0x96b2</load_address>
         <run_address>0x96b2</run_address>
         <size>0x2ae</size>
         <input_file_ref idref="fl-c2"/>
      </object_component>
      <object_component id="oc-158">
         <name>.debug_info</name>
         <load_address>0x9960</load_address>
         <run_address>0x9960</run_address>
         <size>0x171</size>
         <input_file_ref idref="fl-c2"/>
      </object_component>
      <object_component id="oc-27">
         <name>.debug_info</name>
         <load_address>0x9ad1</load_address>
         <run_address>0x9ad1</run_address>
         <size>0x160</size>
         <input_file_ref idref="fl-c3"/>
      </object_component>
      <object_component id="oc-e3">
         <name>.debug_info</name>
         <load_address>0x9c31</load_address>
         <run_address>0x9c31</run_address>
         <size>0x293</size>
         <input_file_ref idref="fl-c4"/>
      </object_component>
      <object_component id="oc-13">
         <name>.debug_info</name>
         <load_address>0x9ec4</load_address>
         <run_address>0x9ec4</run_address>
         <size>0x245</size>
         <input_file_ref idref="fl-c4"/>
      </object_component>
      <object_component id="oc-3b">
         <name>.debug_info</name>
         <load_address>0xa109</load_address>
         <run_address>0xa109</run_address>
         <size>0x60</size>
         <input_file_ref idref="fl-c4"/>
      </object_component>
      <object_component id="oc-de">
         <name>.debug_info</name>
         <load_address>0xa169</load_address>
         <run_address>0xa169</run_address>
         <size>0x46</size>
         <input_file_ref idref="fl-c4"/>
      </object_component>
      <object_component id="oc-50">
         <name>.debug_info</name>
         <load_address>0xa1af</load_address>
         <run_address>0xa1af</run_address>
         <size>0x2da</size>
         <input_file_ref idref="fl-c5"/>
      </object_component>
      <object_component id="oc-1a">
         <name>.debug_info</name>
         <load_address>0xa489</load_address>
         <run_address>0xa489</run_address>
         <size>0x1df</size>
         <input_file_ref idref="fl-c5"/>
      </object_component>
      <object_component id="oc-4b">
         <name>.debug_info</name>
         <load_address>0xa668</load_address>
         <run_address>0xa668</run_address>
         <size>0x46</size>
         <input_file_ref idref="fl-c5"/>
      </object_component>
      <object_component id="oc-e5">
         <name>.debug_info</name>
         <load_address>0xa6ae</load_address>
         <run_address>0xa6ae</run_address>
         <size>0x2c</size>
         <input_file_ref idref="fl-c5"/>
      </object_component>
      <object_component id="oc-5c">
         <name>.debug_info</name>
         <load_address>0xa6da</load_address>
         <run_address>0xa6da</run_address>
         <size>0x2c9</size>
         <input_file_ref idref="fl-c6"/>
      </object_component>
      <object_component id="oc-1f">
         <name>.debug_info</name>
         <load_address>0xa9a3</load_address>
         <run_address>0xa9a3</run_address>
         <size>0x1aa</size>
         <input_file_ref idref="fl-c6"/>
      </object_component>
      <object_component id="oc-57">
         <name>.debug_info</name>
         <load_address>0xab4d</load_address>
         <run_address>0xab4d</run_address>
         <size>0x46</size>
         <input_file_ref idref="fl-c6"/>
      </object_component>
      <object_component id="oc-ed">
         <name>.debug_info</name>
         <load_address>0xab93</load_address>
         <run_address>0xab93</run_address>
         <size>0x2c</size>
         <input_file_ref idref="fl-c6"/>
      </object_component>
      <object_component id="oc-206">
         <name>.debug_info</name>
         <load_address>0xabbf</load_address>
         <run_address>0xabbf</run_address>
         <size>0xee</size>
         <input_file_ref idref="fl-c7"/>
      </object_component>
      <object_component id="oc-1d2">
         <name>.debug_info</name>
         <load_address>0xacad</load_address>
         <run_address>0xacad</run_address>
         <size>0xfa</size>
         <input_file_ref idref="fl-c7"/>
      </object_component>
      <object_component id="oc-10d">
         <name>.debug_info</name>
         <load_address>0xada7</load_address>
         <run_address>0xada7</run_address>
         <size>0x3ce</size>
         <input_file_ref idref="fl-c8"/>
      </object_component>
      <object_component id="oc-107">
         <name>.debug_info</name>
         <load_address>0xb175</load_address>
         <run_address>0xb175</run_address>
         <size>0x185</size>
         <input_file_ref idref="fl-c8"/>
      </object_component>
      <object_component id="oc-79">
         <name>.debug_info</name>
         <load_address>0xb2fa</load_address>
         <run_address>0xb2fa</run_address>
         <size>0x214</size>
         <input_file_ref idref="fl-c8"/>
      </object_component>
      <object_component id="oc-16a">
         <name>.debug_info</name>
         <load_address>0xb50e</load_address>
         <run_address>0xb50e</run_address>
         <size>0x144</size>
         <input_file_ref idref="fl-c9"/>
      </object_component>
      <object_component id="oc-82">
         <name>.debug_info</name>
         <load_address>0xb652</load_address>
         <run_address>0xb652</run_address>
         <size>0x120</size>
         <input_file_ref idref="fl-ca"/>
      </object_component>
      <object_component id="oc-8b">
         <name>.debug_info</name>
         <load_address>0xb772</load_address>
         <run_address>0xb772</run_address>
         <size>0x132</size>
         <input_file_ref idref="fl-cb"/>
      </object_component>
      <object_component id="oc-95">
         <name>.debug_info</name>
         <load_address>0xb8a4</load_address>
         <run_address>0xb8a4</run_address>
         <size>0x132</size>
         <input_file_ref idref="fl-cc"/>
      </object_component>
      <object_component id="oc-130">
         <name>.debug_info</name>
         <load_address>0xb9d6</load_address>
         <run_address>0xb9d6</run_address>
         <size>0x126</size>
         <input_file_ref idref="fl-cd"/>
      </object_component>
      <object_component id="oc-16f">
         <name>.debug_info</name>
         <load_address>0xbafc</load_address>
         <run_address>0xbafc</run_address>
         <size>0x136</size>
         <input_file_ref idref="fl-ce"/>
      </object_component>
      <object_component id="oc-92">
         <name>.debug_info</name>
         <load_address>0xbc32</load_address>
         <run_address>0xbc32</run_address>
         <size>0x131</size>
         <input_file_ref idref="fl-cf"/>
      </object_component>
      <object_component id="oc-b5">
         <name>.debug_info</name>
         <load_address>0xbd63</load_address>
         <run_address>0xbd63</run_address>
         <size>0x124</size>
         <input_file_ref idref="fl-d0"/>
      </object_component>
      <object_component id="oc-86">
         <name>.debug_info</name>
         <load_address>0xbe87</load_address>
         <run_address>0xbe87</run_address>
         <size>0x124</size>
         <input_file_ref idref="fl-d1"/>
      </object_component>
      <object_component id="oc-46">
         <name>.debug_info</name>
         <load_address>0xbfab</load_address>
         <run_address>0xbfab</run_address>
         <size>0x111</size>
         <input_file_ref idref="fl-d2"/>
      </object_component>
      <object_component id="oc-52">
         <name>.debug_info</name>
         <load_address>0xc0bc</load_address>
         <run_address>0xc0bc</run_address>
         <size>0x13f</size>
         <input_file_ref idref="fl-d3"/>
      </object_component>
      <object_component id="oc-5e">
         <name>.debug_info</name>
         <load_address>0xc1fb</load_address>
         <run_address>0xc1fb</run_address>
         <size>0x138</size>
         <input_file_ref idref="fl-d4"/>
      </object_component>
      <object_component id="oc-66">
         <name>.debug_info</name>
         <load_address>0xc333</load_address>
         <run_address>0xc333</run_address>
         <size>0x148</size>
         <input_file_ref idref="fl-d5"/>
      </object_component>
      <object_component id="oc-7c">
         <name>.debug_info</name>
         <load_address>0xc47b</load_address>
         <run_address>0xc47b</run_address>
         <size>0x109</size>
         <input_file_ref idref="fl-d6"/>
      </object_component>
      <object_component id="oc-1d0">
         <name>.debug_info</name>
         <load_address>0xc584</load_address>
         <run_address>0xc584</run_address>
         <size>0x27f</size>
         <input_file_ref idref="fl-d7"/>
      </object_component>
      <object_component id="oc-151">
         <name>.debug_info</name>
         <load_address>0xc803</load_address>
         <run_address>0xc803</run_address>
         <size>0x258</size>
         <input_file_ref idref="fl-d7"/>
      </object_component>
      <object_component id="oc-179">
         <name>.debug_info</name>
         <load_address>0xca5b</load_address>
         <run_address>0xca5b</run_address>
         <size>0x28a</size>
         <input_file_ref idref="fl-d8"/>
      </object_component>
      <object_component id="oc-c0">
         <name>.debug_info</name>
         <load_address>0xcce5</load_address>
         <run_address>0xcce5</run_address>
         <size>0x231</size>
         <input_file_ref idref="fl-d8"/>
      </object_component>
      <object_component id="oc-125">
         <name>.debug_info</name>
         <load_address>0xcf16</load_address>
         <run_address>0xcf16</run_address>
         <size>0x284</size>
         <input_file_ref idref="fl-d9"/>
      </object_component>
      <object_component id="oc-a1">
         <name>.debug_info</name>
         <load_address>0xd19a</load_address>
         <run_address>0xd19a</run_address>
         <size>0x22a</size>
         <input_file_ref idref="fl-d9"/>
      </object_component>
      <object_component id="oc-1d7">
         <name>.debug_info</name>
         <load_address>0xd3c4</load_address>
         <run_address>0xd3c4</run_address>
         <size>0x28b</size>
         <input_file_ref idref="fl-da"/>
      </object_component>
      <object_component id="oc-15d">
         <name>.debug_info</name>
         <load_address>0xd64f</load_address>
         <run_address>0xd64f</run_address>
         <size>0x248</size>
         <input_file_ref idref="fl-da"/>
      </object_component>
      <object_component id="oc-1df">
         <name>.debug_info</name>
         <load_address>0xd897</load_address>
         <run_address>0xd897</run_address>
         <size>0x3f7</size>
         <input_file_ref idref="fl-db"/>
      </object_component>
      <object_component id="oc-1d9">
         <name>.debug_info</name>
         <load_address>0xdc8e</load_address>
         <run_address>0xdc8e</run_address>
         <size>0x118</size>
         <input_file_ref idref="fl-db"/>
      </object_component>
      <object_component id="oc-163">
         <name>.debug_info</name>
         <load_address>0xdda6</load_address>
         <run_address>0xdda6</run_address>
         <size>0x300</size>
         <input_file_ref idref="fl-db"/>
      </object_component>
      <object_component id="oc-1ce">
         <name>.debug_info</name>
         <load_address>0xe0a6</load_address>
         <run_address>0xe0a6</run_address>
         <size>0x2df</size>
         <input_file_ref idref="fl-dc"/>
      </object_component>
      <object_component id="oc-1cb">
         <name>.debug_info</name>
         <load_address>0xe385</load_address>
         <run_address>0xe385</run_address>
         <size>0xfa</size>
         <input_file_ref idref="fl-dc"/>
      </object_component>
      <object_component id="oc-14c">
         <name>.debug_info</name>
         <load_address>0xe47f</load_address>
         <run_address>0xe47f</run_address>
         <size>0x1a0</size>
         <input_file_ref idref="fl-dc"/>
      </object_component>
      <object_component id="oc-1a3">
         <name>.debug_info</name>
         <load_address>0xe61f</load_address>
         <run_address>0xe61f</run_address>
         <size>0x2be</size>
         <input_file_ref idref="fl-dd"/>
      </object_component>
      <object_component id="oc-10a">
         <name>.debug_info</name>
         <load_address>0xe8dd</load_address>
         <run_address>0xe8dd</run_address>
         <size>0x113</size>
         <input_file_ref idref="fl-dd"/>
      </object_component>
      <object_component id="oc-19f">
         <name>.debug_info</name>
         <load_address>0xe9f0</load_address>
         <run_address>0xe9f0</run_address>
         <size>0x21f</size>
         <input_file_ref idref="fl-dd"/>
      </object_component>
      <object_component id="oc-105">
         <name>.debug_info</name>
         <load_address>0xec0f</load_address>
         <run_address>0xec0f</run_address>
         <size>0x300</size>
         <input_file_ref idref="fl-de"/>
      </object_component>
      <object_component id="oc-71">
         <name>.debug_info</name>
         <load_address>0xef0f</load_address>
         <run_address>0xef0f</run_address>
         <size>0x167</size>
         <input_file_ref idref="fl-de"/>
      </object_component>
      <object_component id="oc-194">
         <name>.debug_info</name>
         <load_address>0xf076</load_address>
         <run_address>0xf076</run_address>
         <size>0x5e</size>
         <input_file_ref idref="fl-de"/>
      </object_component>
      <object_component id="oc-103">
         <name>.debug_info</name>
         <load_address>0xf0d4</load_address>
         <run_address>0xf0d4</run_address>
         <size>0x483</size>
         <input_file_ref idref="fl-df"/>
      </object_component>
      <object_component id="oc-6b">
         <name>.debug_info</name>
         <load_address>0xf557</load_address>
         <run_address>0xf557</run_address>
         <size>0x190</size>
         <input_file_ref idref="fl-df"/>
      </object_component>
      <object_component id="oc-188">
         <name>.debug_info</name>
         <load_address>0xf6e7</load_address>
         <run_address>0xf6e7</run_address>
         <size>0x39</size>
         <input_file_ref idref="fl-df"/>
      </object_component>
      <object_component id="oc-1f0">
         <name>.debug_info</name>
         <load_address>0xf720</load_address>
         <run_address>0xf720</run_address>
         <size>0x39</size>
         <input_file_ref idref="fl-df"/>
      </object_component>
      <object_component id="oc-18d">
         <name>.debug_info</name>
         <load_address>0xf759</load_address>
         <run_address>0xf759</run_address>
         <size>0xcd</size>
         <input_file_ref idref="fl-df"/>
      </object_component>
      <object_component id="oc-184">
         <name>.debug_info</name>
         <load_address>0xf826</load_address>
         <run_address>0xf826</run_address>
         <size>0x37a</size>
         <input_file_ref idref="fl-e0"/>
      </object_component>
      <object_component id="oc-fa">
         <name>.debug_info</name>
         <load_address>0xfba0</load_address>
         <run_address>0xfba0</run_address>
         <size>0x183</size>
         <input_file_ref idref="fl-e0"/>
      </object_component>
      <object_component id="oc-1eb">
         <name>.debug_info</name>
         <load_address>0xfd23</load_address>
         <run_address>0xfd23</run_address>
         <size>0x2c</size>
         <input_file_ref idref="fl-e0"/>
      </object_component>
      <object_component id="oc-1dc">
         <name>.debug_info</name>
         <load_address>0xfd4f</load_address>
         <run_address>0xfd4f</run_address>
         <size>0xf3</size>
         <input_file_ref idref="fl-e1"/>
      </object_component>
      <object_component id="oc-fe">
         <name>.debug_info</name>
         <load_address>0xfe42</load_address>
         <run_address>0xfe42</run_address>
         <size>0x145</size>
         <input_file_ref idref="fl-e2"/>
      </object_component>
      <object_component id="oc-1fd">
         <name>.debug_info</name>
         <load_address>0xff87</load_address>
         <run_address>0xff87</run_address>
         <size>0x285</size>
         <input_file_ref idref="fl-e3"/>
      </object_component>
      <object_component id="oc-1c7">
         <name>.debug_info</name>
         <load_address>0x1020c</load_address>
         <run_address>0x1020c</run_address>
         <size>0x18d</size>
         <input_file_ref idref="fl-e3"/>
      </object_component>
      <object_component id="oc-1fb">
         <name>.debug_info</name>
         <load_address>0x10399</load_address>
         <run_address>0x10399</run_address>
         <size>0x28a</size>
         <input_file_ref idref="fl-e4"/>
      </object_component>
      <object_component id="oc-1c2">
         <name>.debug_info</name>
         <load_address>0x10623</load_address>
         <run_address>0x10623</run_address>
         <size>0x1b8</size>
         <input_file_ref idref="fl-e4"/>
      </object_component>
      <object_component id="oc-1b0">
         <name>.debug_info</name>
         <load_address>0x107db</load_address>
         <run_address>0x107db</run_address>
         <size>0x21c</size>
         <input_file_ref idref="fl-e5"/>
      </object_component>
      <object_component id="oc-127">
         <name>.debug_info</name>
         <load_address>0x109f7</load_address>
         <run_address>0x109f7</run_address>
         <size>0x27a</size>
         <input_file_ref idref="fl-e5"/>
      </object_component>
      <object_component id="oc-23b">
         <name>.debug_info</name>
         <load_address>0x10c71</load_address>
         <run_address>0x10c71</run_address>
         <size>0x9a</size>
      </object_component>
      <object_component id="oc-1e6">
         <name>.debug_line</name>
         <load_address>0x0</load_address>
         <run_address>0x0</run_address>
         <size>0xaa</size>
         <input_file_ref idref="fl-2"/>
      </object_component>
      <object_component id="oc-1e4">
         <name>.debug_line</name>
         <load_address>0xaa</load_address>
         <run_address>0xaa</run_address>
         <size>0x30</size>
         <input_file_ref idref="fl-2"/>
      </object_component>
      <object_component id="oc-bd">
         <name>.debug_line</name>
         <load_address>0xda</load_address>
         <run_address>0xda</run_address>
         <size>0x193</size>
         <input_file_ref idref="fl-2"/>
      </object_component>
      <object_component id="oc-17f">
         <name>.debug_line</name>
         <load_address>0x26d</load_address>
         <run_address>0x26d</run_address>
         <size>0x65</size>
         <input_file_ref idref="fl-2"/>
      </object_component>
      <object_component id="oc-da">
         <name>.debug_line</name>
         <load_address>0x2d2</load_address>
         <run_address>0x2d2</run_address>
         <size>0x30</size>
         <input_file_ref idref="fl-2"/>
      </object_component>
      <object_component id="oc-43">
         <name>.debug_line</name>
         <load_address>0x302</load_address>
         <run_address>0x302</run_address>
         <size>0x20</size>
         <input_file_ref idref="fl-2"/>
      </object_component>
      <object_component id="oc-cb">
         <name>.debug_line</name>
         <load_address>0x322</load_address>
         <run_address>0x322</run_address>
         <size>0x65</size>
         <input_file_ref idref="fl-2"/>
      </object_component>
      <object_component id="oc-1b5">
         <name>.debug_line</name>
         <load_address>0x387</load_address>
         <run_address>0x387</run_address>
         <size>0x9a</size>
         <input_file_ref idref="fl-3"/>
      </object_component>
      <object_component id="oc-1b2">
         <name>.debug_line</name>
         <load_address>0x421</load_address>
         <run_address>0x421</run_address>
         <size>0x2f</size>
         <input_file_ref idref="fl-3"/>
      </object_component>
      <object_component id="oc-aa">
         <name>.debug_line</name>
         <load_address>0x450</load_address>
         <run_address>0x450</run_address>
         <size>0x4a9</size>
         <input_file_ref idref="fl-3"/>
      </object_component>
      <object_component id="oc-17b">
         <name>.debug_line</name>
         <load_address>0x8f9</load_address>
         <run_address>0x8f9</run_address>
         <size>0xaa</size>
         <input_file_ref idref="fl-4"/>
      </object_component>
      <object_component id="oc-148">
         <name>.debug_line</name>
         <load_address>0x9a3</load_address>
         <run_address>0x9a3</run_address>
         <size>0x3d</size>
         <input_file_ref idref="fl-4"/>
      </object_component>
      <object_component id="oc-32">
         <name>.debug_line</name>
         <load_address>0x9e0</load_address>
         <run_address>0x9e0</run_address>
         <size>0x3db</size>
         <input_file_ref idref="fl-4"/>
      </object_component>
      <object_component id="oc-d5">
         <name>.debug_line</name>
         <load_address>0xdbb</load_address>
         <run_address>0xdbb</run_address>
         <size>0x31</size>
         <input_file_ref idref="fl-4"/>
      </object_component>
      <object_component id="oc-120">
         <name>.debug_line</name>
         <load_address>0xdec</load_address>
         <run_address>0xdec</run_address>
         <size>0x36</size>
         <input_file_ref idref="fl-4"/>
      </object_component>
      <object_component id="oc-145">
         <name>.debug_line</name>
         <load_address>0xe22</load_address>
         <run_address>0xe22</run_address>
         <size>0x35</size>
         <input_file_ref idref="fl-4"/>
      </object_component>
      <object_component id="oc-d0">
         <name>.debug_line</name>
         <load_address>0xe57</load_address>
         <run_address>0xe57</run_address>
         <size>0x20</size>
         <input_file_ref idref="fl-4"/>
      </object_component>
      <object_component id="oc-dd">
         <name>.debug_line</name>
         <load_address>0xe77</load_address>
         <run_address>0xe77</run_address>
         <size>0x41</size>
         <input_file_ref idref="fl-5"/>
      </object_component>
      <object_component id="oc-38">
         <name>.debug_line</name>
         <load_address>0xeb8</load_address>
         <run_address>0xeb8</run_address>
         <size>0x41</size>
         <input_file_ref idref="fl-5"/>
      </object_component>
      <object_component id="oc-2e">
         <name>.debug_line</name>
         <load_address>0xef9</load_address>
         <run_address>0xef9</run_address>
         <size>0x9b</size>
         <input_file_ref idref="fl-5"/>
      </object_component>
      <object_component id="oc-1ac">
         <name>.debug_line</name>
         <load_address>0xf94</load_address>
         <run_address>0xf94</run_address>
         <size>0x46</size>
         <input_file_ref idref="fl-6"/>
      </object_component>
      <object_component id="oc-1aa">
         <name>.debug_line</name>
         <load_address>0xfda</load_address>
         <run_address>0xfda</run_address>
         <size>0x31</size>
         <input_file_ref idref="fl-6"/>
      </object_component>
      <object_component id="oc-1a8">
         <name>.debug_line</name>
         <load_address>0x100b</load_address>
         <run_address>0x100b</run_address>
         <size>0x31</size>
         <input_file_ref idref="fl-6"/>
      </object_component>
      <object_component id="oc-9d">
         <name>.debug_line</name>
         <load_address>0x103c</load_address>
         <run_address>0x103c</run_address>
         <size>0x1507</size>
         <input_file_ref idref="fl-6"/>
      </object_component>
      <object_component id="oc-1bd">
         <name>.debug_line</name>
         <load_address>0x2543</load_address>
         <run_address>0x2543</run_address>
         <size>0x20</size>
         <input_file_ref idref="fl-7"/>
      </object_component>
      <object_component id="oc-1bb">
         <name>.debug_line</name>
         <load_address>0x2563</load_address>
         <run_address>0x2563</run_address>
         <size>0x3e</size>
         <input_file_ref idref="fl-7"/>
      </object_component>
      <object_component id="oc-1b7">
         <name>.debug_line</name>
         <load_address>0x25a1</load_address>
         <run_address>0x25a1</run_address>
         <size>0x3e</size>
         <input_file_ref idref="fl-7"/>
      </object_component>
      <object_component id="oc-1b9">
         <name>.debug_line</name>
         <load_address>0x25df</load_address>
         <run_address>0x25df</run_address>
         <size>0x3e</size>
         <input_file_ref idref="fl-7"/>
      </object_component>
      <object_component id="oc-ad">
         <name>.debug_line</name>
         <load_address>0x261d</load_address>
         <run_address>0x261d</run_address>
         <size>0x577</size>
         <input_file_ref idref="fl-7"/>
      </object_component>
      <object_component id="oc-208">
         <name>.debug_line</name>
         <load_address>0x2b94</load_address>
         <run_address>0x2b94</run_address>
         <size>0x89</size>
         <input_file_ref idref="fl-c2"/>
      </object_component>
      <object_component id="oc-15a">
         <name>.debug_line</name>
         <load_address>0x2c1d</load_address>
         <run_address>0x2c1d</run_address>
         <size>0x63</size>
         <input_file_ref idref="fl-c2"/>
      </object_component>
      <object_component id="oc-26">
         <name>.debug_line</name>
         <load_address>0x2c80</load_address>
         <run_address>0x2c80</run_address>
         <size>0x53</size>
         <input_file_ref idref="fl-c3"/>
      </object_component>
      <object_component id="oc-182">
         <name>.debug_line</name>
         <load_address>0x2cd3</load_address>
         <run_address>0x2cd3</run_address>
         <size>0x20</size>
         <input_file_ref idref="fl-c4"/>
      </object_component>
      <object_component id="oc-17">
         <name>.debug_line</name>
         <load_address>0x2cf3</load_address>
         <run_address>0x2cf3</run_address>
         <size>0xa9</size>
         <input_file_ref idref="fl-c4"/>
      </object_component>
      <object_component id="oc-3e">
         <name>.debug_line</name>
         <load_address>0x2d9c</load_address>
         <run_address>0x2d9c</run_address>
         <size>0x3a</size>
         <input_file_ref idref="fl-c4"/>
      </object_component>
      <object_component id="oc-e1">
         <name>.debug_line</name>
         <load_address>0x2dd6</load_address>
         <run_address>0x2dd6</run_address>
         <size>0x8a</size>
         <input_file_ref idref="fl-c4"/>
      </object_component>
      <object_component id="oc-eb">
         <name>.debug_line</name>
         <load_address>0x2e60</load_address>
         <run_address>0x2e60</run_address>
         <size>0x8a</size>
         <input_file_ref idref="fl-c5"/>
      </object_component>
      <object_component id="oc-1c">
         <name>.debug_line</name>
         <load_address>0x2eea</load_address>
         <run_address>0x2eea</run_address>
         <size>0x55</size>
         <input_file_ref idref="fl-c5"/>
      </object_component>
      <object_component id="oc-4e">
         <name>.debug_line</name>
         <load_address>0x2f3f</load_address>
         <run_address>0x2f3f</run_address>
         <size>0x3a</size>
         <input_file_ref idref="fl-c5"/>
      </object_component>
      <object_component id="oc-e8">
         <name>.debug_line</name>
         <load_address>0x2f79</load_address>
         <run_address>0x2f79</run_address>
         <size>0x8a</size>
         <input_file_ref idref="fl-c5"/>
      </object_component>
      <object_component id="oc-f3">
         <name>.debug_line</name>
         <load_address>0x3003</load_address>
         <run_address>0x3003</run_address>
         <size>0x8a</size>
         <input_file_ref idref="fl-c6"/>
      </object_component>
      <object_component id="oc-23">
         <name>.debug_line</name>
         <load_address>0x308d</load_address>
         <run_address>0x308d</run_address>
         <size>0x4f</size>
         <input_file_ref idref="fl-c6"/>
      </object_component>
      <object_component id="oc-5a">
         <name>.debug_line</name>
         <load_address>0x30dc</load_address>
         <run_address>0x30dc</run_address>
         <size>0x34</size>
         <input_file_ref idref="fl-c6"/>
      </object_component>
      <object_component id="oc-f0">
         <name>.debug_line</name>
         <load_address>0x3110</load_address>
         <run_address>0x3110</run_address>
         <size>0x8a</size>
         <input_file_ref idref="fl-c6"/>
      </object_component>
      <object_component id="oc-216">
         <name>.debug_line</name>
         <load_address>0x319a</load_address>
         <run_address>0x319a</run_address>
         <size>0x20</size>
         <input_file_ref idref="fl-c7"/>
      </object_component>
      <object_component id="oc-205">
         <name>.debug_line</name>
         <load_address>0x31ba</load_address>
         <run_address>0x31ba</run_address>
         <size>0x2b</size>
         <input_file_ref idref="fl-c7"/>
      </object_component>
      <object_component id="oc-1a6">
         <name>.debug_line</name>
         <load_address>0x31e5</load_address>
         <run_address>0x31e5</run_address>
         <size>0xf2</size>
         <input_file_ref idref="fl-c8"/>
      </object_component>
      <object_component id="oc-19a">
         <name>.debug_line</name>
         <load_address>0x32d7</load_address>
         <run_address>0x32d7</run_address>
         <size>0x2a</size>
         <input_file_ref idref="fl-c8"/>
      </object_component>
      <object_component id="oc-76">
         <name>.debug_line</name>
         <load_address>0x3301</load_address>
         <run_address>0x3301</run_address>
         <size>0x86</size>
         <input_file_ref idref="fl-c8"/>
      </object_component>
      <object_component id="oc-16c">
         <name>.debug_line</name>
         <load_address>0x3387</load_address>
         <run_address>0x3387</run_address>
         <size>0xd2</size>
         <input_file_ref idref="fl-c9"/>
      </object_component>
      <object_component id="oc-81">
         <name>.debug_line</name>
         <load_address>0x3459</load_address>
         <run_address>0x3459</run_address>
         <size>0x77</size>
         <input_file_ref idref="fl-ca"/>
      </object_component>
      <object_component id="oc-8e">
         <name>.debug_line</name>
         <load_address>0x34d0</load_address>
         <run_address>0x34d0</run_address>
         <size>0xa8</size>
         <input_file_ref idref="fl-cb"/>
      </object_component>
      <object_component id="oc-98">
         <name>.debug_line</name>
         <load_address>0x3578</load_address>
         <run_address>0x3578</run_address>
         <size>0x8e</size>
         <input_file_ref idref="fl-cc"/>
      </object_component>
      <object_component id="oc-133">
         <name>.debug_line</name>
         <load_address>0x3606</load_address>
         <run_address>0x3606</run_address>
         <size>0x5a</size>
         <input_file_ref idref="fl-cd"/>
      </object_component>
      <object_component id="oc-171">
         <name>.debug_line</name>
         <load_address>0x3660</load_address>
         <run_address>0x3660</run_address>
         <size>0x67</size>
         <input_file_ref idref="fl-ce"/>
      </object_component>
      <object_component id="oc-90">
         <name>.debug_line</name>
         <load_address>0x36c7</load_address>
         <run_address>0x36c7</run_address>
         <size>0x59</size>
         <input_file_ref idref="fl-cf"/>
      </object_component>
      <object_component id="oc-b8">
         <name>.debug_line</name>
         <load_address>0x3720</load_address>
         <run_address>0x3720</run_address>
         <size>0x57</size>
         <input_file_ref idref="fl-d0"/>
      </object_component>
      <object_component id="oc-89">
         <name>.debug_line</name>
         <load_address>0x3777</load_address>
         <run_address>0x3777</run_address>
         <size>0x50</size>
         <input_file_ref idref="fl-d1"/>
      </object_component>
      <object_component id="oc-49">
         <name>.debug_line</name>
         <load_address>0x37c7</load_address>
         <run_address>0x37c7</run_address>
         <size>0x88</size>
         <input_file_ref idref="fl-d2"/>
      </object_component>
      <object_component id="oc-55">
         <name>.debug_line</name>
         <load_address>0x384f</load_address>
         <run_address>0x384f</run_address>
         <size>0x79</size>
         <input_file_ref idref="fl-d3"/>
      </object_component>
      <object_component id="oc-61">
         <name>.debug_line</name>
         <load_address>0x38c8</load_address>
         <run_address>0x38c8</run_address>
         <size>0x3d</size>
         <input_file_ref idref="fl-d4"/>
      </object_component>
      <object_component id="oc-65">
         <name>.debug_line</name>
         <load_address>0x3905</load_address>
         <run_address>0x3905</run_address>
         <size>0x40</size>
         <input_file_ref idref="fl-d5"/>
      </object_component>
      <object_component id="oc-110">
         <name>.debug_line</name>
         <load_address>0x3945</load_address>
         <run_address>0x3945</run_address>
         <size>0x33</size>
         <input_file_ref idref="fl-d6"/>
      </object_component>
      <object_component id="oc-203">
         <name>.debug_line</name>
         <load_address>0x3978</load_address>
         <run_address>0x3978</run_address>
         <size>0x20</size>
         <input_file_ref idref="fl-d7"/>
      </object_component>
      <object_component id="oc-155">
         <name>.debug_line</name>
         <load_address>0x3998</load_address>
         <run_address>0x3998</run_address>
         <size>0xa5</size>
         <input_file_ref idref="fl-d7"/>
      </object_component>
      <object_component id="oc-1e8">
         <name>.debug_line</name>
         <load_address>0x3a3d</load_address>
         <run_address>0x3a3d</run_address>
         <size>0x20</size>
         <input_file_ref idref="fl-d8"/>
      </object_component>
      <object_component id="oc-c4">
         <name>.debug_line</name>
         <load_address>0x3a5d</load_address>
         <run_address>0x3a5d</run_address>
         <size>0xa0</size>
         <input_file_ref idref="fl-d8"/>
      </object_component>
      <object_component id="oc-1ae">
         <name>.debug_line</name>
         <load_address>0x3afd</load_address>
         <run_address>0x3afd</run_address>
         <size>0x20</size>
         <input_file_ref idref="fl-d9"/>
      </object_component>
      <object_component id="oc-a0">
         <name>.debug_line</name>
         <load_address>0x3b1d</load_address>
         <run_address>0x3b1d</run_address>
         <size>0xaa</size>
         <input_file_ref idref="fl-d9"/>
      </object_component>
      <object_component id="oc-20a">
         <name>.debug_line</name>
         <load_address>0x3bc7</load_address>
         <run_address>0x3bc7</run_address>
         <size>0x20</size>
         <input_file_ref idref="fl-da"/>
      </object_component>
      <object_component id="oc-161">
         <name>.debug_line</name>
         <load_address>0x3be7</load_address>
         <run_address>0x3be7</run_address>
         <size>0xac</size>
         <input_file_ref idref="fl-da"/>
      </object_component>
      <object_component id="oc-210">
         <name>.debug_line</name>
         <load_address>0x3c93</load_address>
         <run_address>0x3c93</run_address>
         <size>0x15c</size>
         <input_file_ref idref="fl-db"/>
      </object_component>
      <object_component id="oc-20c">
         <name>.debug_line</name>
         <load_address>0x3def</load_address>
         <run_address>0x3def</run_address>
         <size>0x2c</size>
         <input_file_ref idref="fl-db"/>
      </object_component>
      <object_component id="oc-166">
         <name>.debug_line</name>
         <load_address>0x3e1b</load_address>
         <run_address>0x3e1b</run_address>
         <size>0x16f</size>
         <input_file_ref idref="fl-db"/>
      </object_component>
      <object_component id="oc-201">
         <name>.debug_line</name>
         <load_address>0x3f8a</load_address>
         <run_address>0x3f8a</run_address>
         <size>0x8a</size>
         <input_file_ref idref="fl-dc"/>
      </object_component>
      <object_component id="oc-1ff">
         <name>.debug_line</name>
         <load_address>0x4014</load_address>
         <run_address>0x4014</run_address>
         <size>0x2c</size>
         <input_file_ref idref="fl-dc"/>
      </object_component>
      <object_component id="oc-14e">
         <name>.debug_line</name>
         <load_address>0x4040</load_address>
         <run_address>0x4040</run_address>
         <size>0x5c</size>
         <input_file_ref idref="fl-dc"/>
      </object_component>
      <object_component id="oc-1f7">
         <name>.debug_line</name>
         <load_address>0x409c</load_address>
         <run_address>0x409c</run_address>
         <size>0x20</size>
         <input_file_ref idref="fl-dd"/>
      </object_component>
      <object_component id="oc-1a2">
         <name>.debug_line</name>
         <load_address>0x40bc</load_address>
         <run_address>0x40bc</run_address>
         <size>0x2b</size>
         <input_file_ref idref="fl-dd"/>
      </object_component>
      <object_component id="oc-19d">
         <name>.debug_line</name>
         <load_address>0x40e7</load_address>
         <run_address>0x40e7</run_address>
         <size>0x68</size>
         <input_file_ref idref="fl-dd"/>
      </object_component>
      <object_component id="oc-193">
         <name>.debug_line</name>
         <load_address>0x414f</load_address>
         <run_address>0x414f</run_address>
         <size>0x2b</size>
         <input_file_ref idref="fl-de"/>
      </object_component>
      <object_component id="oc-70">
         <name>.debug_line</name>
         <load_address>0x417a</load_address>
         <run_address>0x417a</run_address>
         <size>0x4a</size>
         <input_file_ref idref="fl-de"/>
      </object_component>
      <object_component id="oc-197">
         <name>.debug_line</name>
         <load_address>0x41c4</load_address>
         <run_address>0x41c4</run_address>
         <size>0x2b</size>
         <input_file_ref idref="fl-de"/>
      </object_component>
      <object_component id="oc-187">
         <name>.debug_line</name>
         <load_address>0x41ef</load_address>
         <run_address>0x41ef</run_address>
         <size>0xa9</size>
         <input_file_ref idref="fl-df"/>
      </object_component>
      <object_component id="oc-6a">
         <name>.debug_line</name>
         <load_address>0x4298</load_address>
         <run_address>0x4298</run_address>
         <size>0x8b</size>
         <input_file_ref idref="fl-df"/>
      </object_component>
      <object_component id="oc-18b">
         <name>.debug_line</name>
         <load_address>0x4323</load_address>
         <run_address>0x4323</run_address>
         <size>0x2e</size>
         <input_file_ref idref="fl-df"/>
      </object_component>
      <object_component id="oc-1f3">
         <name>.debug_line</name>
         <load_address>0x4351</load_address>
         <run_address>0x4351</run_address>
         <size>0x8a</size>
         <input_file_ref idref="fl-df"/>
      </object_component>
      <object_component id="oc-190">
         <name>.debug_line</name>
         <load_address>0x43db</load_address>
         <run_address>0x43db</run_address>
         <size>0x8b</size>
         <input_file_ref idref="fl-df"/>
      </object_component>
      <object_component id="oc-1ea">
         <name>.debug_line</name>
         <load_address>0x4466</load_address>
         <run_address>0x4466</run_address>
         <size>0x98</size>
         <input_file_ref idref="fl-e0"/>
      </object_component>
      <object_component id="oc-f9">
         <name>.debug_line</name>
         <load_address>0x44fe</load_address>
         <run_address>0x44fe</run_address>
         <size>0x68</size>
         <input_file_ref idref="fl-e0"/>
      </object_component>
      <object_component id="oc-1ee">
         <name>.debug_line</name>
         <load_address>0x4566</load_address>
         <run_address>0x4566</run_address>
         <size>0x2e</size>
         <input_file_ref idref="fl-e0"/>
      </object_component>
      <object_component id="oc-20e">
         <name>.debug_line</name>
         <load_address>0x4594</load_address>
         <run_address>0x4594</run_address>
         <size>0x2b</size>
         <input_file_ref idref="fl-e1"/>
      </object_component>
      <object_component id="oc-fd">
         <name>.debug_line</name>
         <load_address>0x45bf</load_address>
         <run_address>0x45bf</run_address>
         <size>0x3c</size>
         <input_file_ref idref="fl-e2"/>
      </object_component>
      <object_component id="oc-214">
         <name>.debug_line</name>
         <load_address>0x45fb</load_address>
         <run_address>0x45fb</run_address>
         <size>0x20</size>
         <input_file_ref idref="fl-e3"/>
      </object_component>
      <object_component id="oc-1c5">
         <name>.debug_line</name>
         <load_address>0x461b</load_address>
         <run_address>0x461b</run_address>
         <size>0x54</size>
         <input_file_ref idref="fl-e3"/>
      </object_component>
      <object_component id="oc-212">
         <name>.debug_line</name>
         <load_address>0x466f</load_address>
         <run_address>0x466f</run_address>
         <size>0x20</size>
         <input_file_ref idref="fl-e4"/>
      </object_component>
      <object_component id="oc-1c1">
         <name>.debug_line</name>
         <load_address>0x468f</load_address>
         <run_address>0x468f</run_address>
         <size>0x58</size>
         <input_file_ref idref="fl-e4"/>
      </object_component>
      <object_component id="oc-1f9">
         <name>.debug_line</name>
         <load_address>0x46e7</load_address>
         <run_address>0x46e7</run_address>
         <size>0x82</size>
         <input_file_ref idref="fl-e5"/>
      </object_component>
      <object_component id="oc-12a">
         <name>.debug_line</name>
         <load_address>0x4769</load_address>
         <run_address>0x4769</run_address>
         <size>0x94</size>
         <input_file_ref idref="fl-e5"/>
      </object_component>
      <object_component id="oc-be">
         <name>.debug_frame</name>
         <load_address>0x0</load_address>
         <run_address>0x0</run_address>
         <size>0xad</size>
         <input_file_ref idref="fl-2"/>
      </object_component>
      <object_component id="oc-a9">
         <name>.debug_frame</name>
         <load_address>0xad</load_address>
         <run_address>0xad</run_address>
         <size>0x2dc</size>
         <input_file_ref idref="fl-3"/>
      </object_component>
      <object_component id="oc-36">
         <name>.debug_frame</name>
         <load_address>0x389</load_address>
         <run_address>0x389</run_address>
         <size>0x172</size>
         <input_file_ref idref="fl-4"/>
      </object_component>
      <object_component id="oc-2c">
         <name>.debug_frame</name>
         <load_address>0x4fb</load_address>
         <run_address>0x4fb</run_address>
         <size>0x84</size>
         <input_file_ref idref="fl-5"/>
      </object_component>
      <object_component id="oc-9e">
         <name>.debug_frame</name>
         <load_address>0x57f</load_address>
         <run_address>0x57f</run_address>
         <size>0x604</size>
         <input_file_ref idref="fl-6"/>
      </object_component>
      <object_component id="oc-ae">
         <name>.debug_frame</name>
         <load_address>0xb83</load_address>
         <run_address>0xb83</run_address>
         <size>0x224</size>
         <input_file_ref idref="fl-7"/>
      </object_component>
      <object_component id="oc-15b">
         <name>.debug_frame</name>
         <load_address>0xda7</load_address>
         <run_address>0xda7</run_address>
         <size>0x5c</size>
         <input_file_ref idref="fl-c2"/>
      </object_component>
      <object_component id="oc-16">
         <name>.debug_frame</name>
         <load_address>0xe03</load_address>
         <run_address>0xe03</run_address>
         <size>0x60</size>
         <input_file_ref idref="fl-c4"/>
      </object_component>
      <object_component id="oc-1d">
         <name>.debug_frame</name>
         <load_address>0xe63</load_address>
         <run_address>0xe63</run_address>
         <size>0x51</size>
         <input_file_ref idref="fl-c5"/>
      </object_component>
      <object_component id="oc-22">
         <name>.debug_frame</name>
         <load_address>0xeb4</load_address>
         <run_address>0xeb4</run_address>
         <size>0x51</size>
         <input_file_ref idref="fl-c6"/>
      </object_component>
      <object_component id="oc-78">
         <name>.debug_frame</name>
         <load_address>0xf05</load_address>
         <run_address>0xf05</run_address>
         <size>0x85</size>
         <input_file_ref idref="fl-c8"/>
      </object_component>
      <object_component id="oc-62">
         <name>.debug_frame</name>
         <load_address>0xf8a</load_address>
         <run_address>0xf8a</run_address>
         <size>0x51</size>
         <input_file_ref idref="fl-d4"/>
      </object_component>
      <object_component id="oc-68">
         <name>.debug_frame</name>
         <load_address>0xfdb</load_address>
         <run_address>0xfdb</run_address>
         <size>0x51</size>
         <input_file_ref idref="fl-d5"/>
      </object_component>
      <object_component id="oc-154">
         <name>.debug_frame</name>
         <load_address>0x102c</load_address>
         <run_address>0x102c</run_address>
         <size>0x51</size>
         <input_file_ref idref="fl-d7"/>
      </object_component>
      <object_component id="oc-c3">
         <name>.debug_frame</name>
         <load_address>0x107d</load_address>
         <run_address>0x107d</run_address>
         <size>0x51</size>
         <input_file_ref idref="fl-d8"/>
      </object_component>
      <object_component id="oc-a4">
         <name>.debug_frame</name>
[...]
         <name>setOutputs</name>
         <value>0x3ba5</value>
         <object_component_ref idref="oc-b9"/>
      </symbol>
      <symbol id="sm-aa">
         <name>writeCmd</name>
         <value>0x2095</value>
         <object_component_ref idref="oc-a5"/>
      </symbol>
      <symbol id="sm-ab">
         <name>ConfigureLCD</name>
         <value>0x2873</value>
         <object_component_ref idref="oc-a5"/>
      </symbol>
      <symbol id="sm-ac">
         <name>drawPixel</name>
         <value>0x24db</value>
         <object_component_ref idref="oc-a5"/>
      </symbol>
      <symbol id="sm-ad">
         <name>clearDisp</name>
         <value>0x27c5</value>
         <object_component_ref idref="oc-a5"/>
      </symbol>
      <symbol id="sm-ae">
         <name>drawLine</name>
         <value>0x251d</value>
         <object_component_ref idref="oc-a5"/>
      </symbol>
      <symbol id="sm-af">
         <name>setAddrWindow</name>
         <value>0x2197</value>
         <object_component_ref idref="oc-a5"/>
      </symbol>
      <symbol id="sm-b0">
         <name>setOrientation</name>
         <value>0x211f</value>
         <object_component_ref idref="oc-a5"/>
      </symbol>
      <symbol id="sm-b1">
         <name>LCD_putCh</name>
         <value>0x2367</value>
         <object_component_ref idref="oc-a5"/>
      </symbol>
      <symbol id="sm-b2">
         <name>drawInt</name>
         <value>0x2647</value>
         <object_component_ref idref="oc-a5"/>
      </symbol>
      <symbol id="sm-b3">
         <name>fillRect</name>
         <value>0x22fd</value>
         <object_component_ref idref="oc-a5"/>
      </symbol>
      <symbol id="sm-b4">
         <name>drawIntEdit</name>
         <value>0x25c9</value>
         <object_component_ref idref="oc-a5"/>
      </symbol>
      <symbol id="sm-b5">
         <name>drawString</name>
         <value>0x2481</value>
         <object_component_ref idref="oc-a5"/>
      </symbol>
      <symbol id="sm-b6">
         <name>write565</name>
         <value>0x20d3</value>
         <object_component_ref idref="oc-a5"/>
      </symbol>
      <symbol id="sm-b7">
         <name>VLine</name>
         <value>0x27db</value>
         <object_component_ref idref="oc-a5"/>
      </symbol>
      <symbol id="sm-b8">
         <name>drawStringB</name>
         <value>0x241d</value>
         <object_component_ref idref="oc-a5"/>
      </symbol>
      <symbol id="sm-b9">
         <name>hardwareReset</name>
         <value>0x2259</value>
         <object_component_ref idref="oc-a5"/>
      </symbol>
      <symbol id="sm-ba">
         <name>initDisplay</name>
         <value>0x2297</value>
         <object_component_ref idref="oc-a5"/>
      </symbol>
      <symbol id="sm-bb">
         <name>drawFloat</name>
         <value>0x26c5</value>
         <object_component_ref idref="oc-a5"/>
      </symbol>
      <symbol id="sm-bc">
         <name>HLine</name>
         <value>0x2827</value>
         <object_component_ref idref="oc-a5"/>
      </symbol>
      <symbol id="sm-12f">
         <name>temp_int</name>
         <value>0x20000010</value>
         <object_component_ref idref="oc-b1"/>
      </symbol>
      <symbol id="sm-130">
         <name>UARTIntHandler</name>
         <value>0x2f45</value>
         <object_component_ref idref="oc-31"/>
      </symbol>
      <symbol id="sm-131">
         <name>main</name>
         <value>0x2ce5</value>
         <object_component_ref idref="oc-31"/>
      </symbol>
      <symbol id="sm-132">
         <name>Timer1AHandler</name>
         <value>0x2fc1</value>
         <object_component_ref idref="oc-31"/>
      </symbol>
      <symbol id="sm-133">
         <name>index</name>
         <value>0x2000000c</value>
         <object_component_ref idref="oc-b1"/>
      </symbol>
      <symbol id="sm-134">
         <name>ConfigureUART</name>
         <value>0x28d9</value>
         <object_component_ref idref="oc-31"/>
      </symbol>
      <symbol id="sm-135">
         <name>GPSNMEA</name>
         <value>0x20000130</value>
         <object_component_ref idref="oc-b1"/>
      </symbol>
      <symbol id="sm-136">
         <name>completeNMEA</name>
         <value>0x20000008</value>
         <object_component_ref idref="oc-b1"/>
      </symbol>
      <symbol id="sm-137">
         <name>ConfigureTimer1</name>
         <value>0x299f</value>
         <object_component_ref idref="oc-31"/>
      </symbol>
      <symbol id="sm-138">
         <name>drawBMP</name>
         <value>0x2b29</value>
         <object_component_ref idref="oc-31"/>
      </symbol>
      <symbol id="sm-139">
         <name>UARTSend</name>
         <value>0x2a09</value>
         <object_component_ref idref="oc-31"/>
      </symbol>
      <symbol id="sm-13a">
         <name>ch</name>
         <value>0x20000000</value>
         <object_component_ref idref="oc-b1"/>
      </symbol>
      <symbol id="sm-13b">
         <name>itof</name>
         <value>0x2a69</value>
         <object_component_ref idref="oc-31"/>
      </symbol>
      <symbol id="sm-13c">
         <name>itoa</name>
         <value>0x2a39</value>
         <object_component_ref idref="oc-31"/>
      </symbol>
      <symbol id="sm-13d">
         <name>led_state</name>
         <value>0x20000014</value>
         <object_component_ref idref="oc-b1"/>
      </symbol>
      <symbol id="sm-159">
         <name>ResetISR</name>
         <value>0x45d3</value>
         <object_component_ref idref="oc-2b"/>
      </symbol>
      <symbol id="sm-15a">
         <name>g_pfnVectors</name>
         <value>0x0</value>
         <object_component_ref idref="oc-f"/>
      </symbol>
      <symbol id="sm-31a">
         <name>ff_convert</name>
         <value>0x56b</value>
         <object_component_ref idref="oc-99"/>
      </symbol>
      <symbol id="sm-31b">
         <name>f_getfree</name>
         <value>0x1f4d</value>
         <object_component_ref idref="oc-99"/>
      </symbol>
      <symbol id="sm-31c">
         <name>f_read</name>
         <value>0x1965</value>
         <object_component_ref idref="oc-99"/>
      </symbol>
      <symbol id="sm-31d">
         <name>ff_wtoupper</name>
         <value>0x555</value>
         <object_component_ref idref="oc-99"/>
      </symbol>
      <symbol id="sm-31e">
         <name>f_unlink</name>
         <value>0x136d</value>
         <object_component_ref idref="oc-99"/>
      </symbol>
      <symbol id="sm-31f">
         <name>f_mkdir</name>
         <value>0x1c99</value>
         <object_component_ref idref="oc-99"/>
      </symbol>
      <symbol id="sm-320">
         <name>gen_numname</name>
         <value>0x4b5</value>
         <object_component_ref idref="oc-99"/>
      </symbol>
      <symbol id="sm-321">
         <name>f_chmod</name>
         <value>0x2035</value>
         <object_component_ref idref="oc-99"/>
      </symbol>
      <symbol id="sm-322">
         <name>f_utime</name>
         <value>0x1171</value>
         <object_component_ref idref="oc-99"/>
      </symbol>
      <symbol id="sm-323">
         <name>f_sync</name>
         <value>0x14b1</value>
         <object_component_ref idref="oc-99"/>
      </symbol>
      <symbol id="sm-324">
         <name>clust2sect</name>
         <value>0x633</value>
         <object_component_ref idref="oc-99"/>
      </symbol>
      <symbol id="sm-325">
         <name>put_fat</name>
         <value>0x2f1</value>
         <object_component_ref idref="oc-99"/>
      </symbol>
      <symbol id="sm-326">
         <name>f_write</name>
         <value>0x64b</value>
         <object_component_ref idref="oc-99"/>
      </symbol>
      <symbol id="sm-327">
         <name>f_opendir</name>
         <value>0x1acb</value>
         <object_component_ref idref="oc-99"/>
      </symbol>
      <symbol id="sm-328">
         <name>f_truncate</name>
         <value>0x1419</value>
         <object_component_ref idref="oc-99"/>
      </symbol>
      <symbol id="sm-329">
         <name>f_close</name>
         <value>0x2025</value>
         <object_component_ref idref="oc-99"/>
      </symbol>
      <symbol id="sm-32a">
         <name>f_rename</name>
         <value>0x1815</value>
         <object_component_ref idref="oc-99"/>
      </symbol>
      <symbol id="sm-32b">
         <name>f_open</name>
         <value>0x1b2b</value>
         <object_component_ref idref="oc-99"/>
      </symbol>
      <symbol id="sm-32c">
         <name>f_lseek</name>
         <value>0x1e09</value>
         <object_component_ref idref="oc-99"/>
      </symbol>
      <symbol id="sm-32d">
         <name>f_stat</name>
         <value>0x1621</value>
         <object_component_ref idref="oc-99"/>
      </symbol>
      <symbol id="sm-32e">
         <name>f_mount</name>
         <value>0x1c73</value>
         <object_component_ref idref="oc-99"/>
      </symbol>
      <symbol id="sm-32f">
         <name>f_readdir</name>
         <value>0x1911</value>
         <object_component_ref idref="oc-99"/>
      </symbol>
      <symbol id="sm-330">
         <name>get_fat</name>
         <value>0x3d3</value>
         <object_component_ref idref="oc-99"/>
      </symbol>
      <symbol id="sm-3ce">
         <name>get_fattime</name>
         <value>0x3099</value>
         <object_component_ref idref="oc-ab"/>
      </symbol>
      <symbol id="sm-3cf">
         <name>disk_status</name>
         <value>0x32af</value>
         <object_component_ref idref="oc-ab"/>
      </symbol>
      <symbol id="sm-3d0">
         <name>SELECT_SD</name>
         <value>0x309d</value>
         <object_component_ref idref="oc-ab"/>
      </symbol>
      <symbol id="sm-3d1">
         <name>disk_timerproc</name>
         <value>0x3299</value>
         <object_component_ref idref="oc-ab"/>
      </symbol>
      <symbol id="sm-3d2">
         <name>disk_read</name>
         <value>0x3305</value>
         <object_component_ref idref="oc-ab"/>
      </symbol>
      <symbol id="sm-3d3">
         <name>disk_initialize</name>
         <value>0x3615</value>
         <object_component_ref idref="oc-ab"/>
      </symbol>
      <symbol id="sm-3d4">
         <name>DESELECT_SD</name>
         <value>0x31cd</value>
         <object_component_ref idref="oc-ab"/>
      </symbol>
      <symbol id="sm-3d5">
         <name>disk_ioctl</name>
         <value>0x34b1</value>
         <object_component_ref idref="oc-ab"/>
      </symbol>
      <symbol id="sm-3d6">
         <name>disk_write</name>
         <value>0x31e3</value>
         <object_component_ref idref="oc-ab"/>
      </symbol>
      <symbol id="sm-3ec">
         <name>atoi</name>
         <value>0x4311</value>
         <object_component_ref idref="oc-156"/>
      </symbol>
      <symbol id="sm-3fd">
         <name>_c_int00</name>
         <value>0x4269</value>
         <object_component_ref idref="oc-24"/>
      </symbol>
      <symbol id="sm-3fe">
         <name>__stack</name>
         <value>0x20000730</value>
         <object_component_ref idref="oc-2a"/>
      </symbol>
      <symbol id="sm-41c">
         <name>__TI_decompress_lzss</name>
         <value>0x41ff</value>
         <object_component_ref idref="oc-12"/>
      </symbol>
      <symbol id="sm-433">
         <name>__TI_decompress_none</name>
         <value>0x45ad</value>
         <object_component_ref idref="oc-18"/>
      </symbol>
      <symbol id="sm-44a">
         <name>__TI_zero_init</name>
         <value>0x45c7</value>
         <object_component_ref idref="oc-1e"/>
      </symbol>
      <symbol id="sm-455">
         <name>_ctypes_</name>
         <value>0x47c8</value>
         <object_component_ref idref="oc-1d1"/>
      </symbol>
      <symbol id="sm-476">
         <name>C$$EXIT</name>
         <value>0x42bd</value>
         <object_component_ref idref="oc-75"/>
      </symbol>
      <symbol id="sm-477">
         <name>abort</name>
         <value>0x42c1</value>
         <object_component_ref idref="oc-75"/>
      </symbol>
      <symbol id="sm-478">
         <name>exit</name>
         <value>0x42c9</value>
         <object_component_ref idref="oc-75"/>
      </symbol>
      <symbol id="sm-479">
         <name>__TI_dtors_ptr</name>
         <value>0x2000070c</value>
         <object_component_ref idref="oc-106"/>
      </symbol>
      <symbol id="sm-47a">
         <name>__TI_cleanup_ptr</name>
         <value>0x20000708</value>
         <object_component_ref idref="oc-106"/>
      </symbol>
      <symbol id="sm-47b">
         <name>__TI_enable_exit_profile_output</name>
         <value>0x20000710</value>
         <object_component_ref idref="oc-106"/>
      </symbol>
      <symbol id="sm-492">
         <name>__aeabi_dsub</name>
         <value>0x39e9</value>
         <object_component_ref idref="oc-168"/>
      </symbol>
      <symbol id="sm-493">
         <name>__aeabi_dadd</name>
         <value>0x39f3</value>
         <object_component_ref idref="oc-168"/>
      </symbol>
      <symbol id="sm-4a5">
         <name>__aeabi_cdcmpeq</name>
         <value>0x401f</value>
         <object_component_ref idref="oc-80"/>
      </symbol>
      <symbol id="sm-4a6">
         <name>__aeabi_cdcmple</name>
         <value>0x401f</value>
         <object_component_ref idref="oc-80"/>
      </symbol>
      <symbol id="sm-4ba">
         <name>__aeabi_ddiv</name>
         <value>0x3d51</value>
         <object_component_ref idref="oc-8a"/>
      </symbol>
      <symbol id="sm-4c5">
         <name>__aeabi_dmul</name>
         <value>0x3e87</value>
         <object_component_ref idref="oc-94"/>
      </symbol>
      <symbol id="sm-4cf">
         <name>__aeabi_d2iz</name>
         <value>0x43a9</value>
         <object_component_ref idref="oc-12f"/>
      </symbol>
      <symbol id="sm-4db">
         <name>__aeabi_d2f</name>
         <value>0x4191</value>
         <object_component_ref idref="oc-16d"/>
      </symbol>
      <symbol id="sm-4e5">
         <name>__aeabi_d2uiz</name>
         <value>0x43f1</value>
         <object_component_ref idref="oc-8f"/>
      </symbol>
      <symbol id="sm-4f0">
         <name>__aeabi_f2d</name>
         <value>0x4475</value>
         <object_component_ref idref="oc-b4"/>
      </symbol>
      <symbol id="sm-4fa">
         <name>__aeabi_i2d</name>
         <value>0x44ad</value>
         <object_component_ref idref="oc-85"/>
      </symbol>
      <symbol id="sm-515">
         <name>memcpy</name>
         <value>0x3f83</value>
         <object_component_ref idref="oc-45"/>
      </symbol>
      <symbol id="sm-516">
         <name>__aeabi_memcpy</name>
         <value>0x3f83</value>
         <object_component_ref idref="oc-45"/>
      </symbol>
      <symbol id="sm-517">
         <name>__aeabi_memcpy8</name>
         <value>0x3f83</value>
         <object_component_ref idref="oc-45"/>
      </symbol>
      <symbol id="sm-518">
         <name>__aeabi_memcpy4</name>
         <value>0x3f83</value>
         <object_component_ref idref="oc-45"/>
      </symbol>
      <symbol id="sm-527">
         <name>__aeabi_memset</name>
         <value>0x40a7</value>
         <object_component_ref idref="oc-51"/>
      </symbol>
      <symbol id="sm-528">
         <name>memset</name>
         <value>0x40ad</value>
         <object_component_ref idref="oc-51"/>
      </symbol>
      <symbol id="sm-529">
         <name>__aeabi_memset8</name>
         <value>0x40a7</value>
         <object_component_ref idref="oc-51"/>
      </symbol>
      <symbol id="sm-52a">
         <name>__aeabi_memset4</name>
         <value>0x40a7</value>
         <object_component_ref idref="oc-51"/>
      </symbol>
      <symbol id="sm-52b">
         <name>__aeabi_memclr8</name>
         <value>0x40a5</value>
         <object_component_ref idref="oc-51"/>
      </symbol>
      <symbol id="sm-52c">
         <name>__aeabi_memclr4</name>
         <value>0x40a5</value>
         <object_component_ref idref="oc-51"/>
      </symbol>
      <symbol id="sm-52d">
         <name>__aeabi_memclr</name>
         <value>0x40a5</value>
         <object_component_ref idref="oc-51"/>
      </symbol>
      <symbol id="sm-537">
         <name>__mpu_init</name>
         <value>0x3b9f</value>
         <object_component_ref idref="oc-5d"/>
      </symbol>
      <symbol id="sm-541">
         <name>_system_pre_init</name>
         <value>0x45df</value>
         <object_component_ref idref="oc-63"/>
      </symbol>
      <symbol id="sm-549">
         <name>main_func_sp</name>
         <value>0x20000724</value>
         <object_component_ref idref="oc-7b"/>
      </symbol>
      <symbol id="sm-558">
         <name>strcmp</name>
         <value>0x4541</value>
         <object_component_ref idref="oc-150"/>
      </symbol>
      <symbol id="sm-566">
         <name>strcpy</name>
         <value>0x4585</value>
         <object_component_ref idref="oc-bf"/>
      </symbol>
      <symbol id="sm-574">
         <name>strlen</name>
         <value>0x4599</value>
         <object_component_ref idref="oc-9f"/>
      </symbol>
      <symbol id="sm-583">
         <name>strrchr</name>
         <value>0x4559</value>
         <object_component_ref idref="oc-15c"/>
      </symbol>
      <symbol id="sm-5c0">
         <name>strtold</name>
         <value>0x37ad</value>
         <object_component_ref idref="oc-162"/>
      </symbol>
      <symbol id="sm-5c1">
         <name>strtod</name>
         <value>0x37ad</value>
         <object_component_ref idref="oc-162"/>
      </symbol>
      <symbol id="sm-5d9">
         <name>strtok</name>
         <value>0x4435</value>
         <object_component_ref idref="oc-14a"/>
      </symbol>
      <symbol id="sm-5f2">
         <name>_nop</name>
         <value>0x457f</value>
         <object_component_ref idref="oc-19b"/>
      </symbol>
      <symbol id="sm-5f3">
         <name>_lock</name>
         <value>0x20000714</value>
         <object_component_ref idref="oc-109"/>
      </symbol>
      <symbol id="sm-5f4">
         <name>_unlock</name>
         <value>0x20000718</value>
         <object_component_ref idref="oc-109"/>
      </symbol>
      <symbol id="sm-5f5">
         <name>_register_lock</name>
         <value>0x4577</value>
         <object_component_ref idref="oc-19b"/>
      </symbol>
      <symbol id="sm-5f6">
         <name>_register_unlock</name>
         <value>0x4571</value>
         <object_component_ref idref="oc-19b"/>
      </symbol>
      <symbol id="sm-60a">
         <name>_args_main</name>
         <value>0x4529</value>
         <object_component_ref idref="oc-6f"/>
      </symbol>
      <symbol id="sm-634">
         <name>__TI_auto_init</name>
         <value>0x4121</value>
         <object_component_ref idref="oc-69"/>
      </symbol>
      <symbol id="sm-64e">
         <name>copy_in</name>
         <value>0x435d</value>
         <object_component_ref idref="oc-f6"/>
      </symbol>
      <symbol id="sm-656">
         <name>errno</name>
         <value>0x20000720</value>
         <object_component_ref idref="oc-1db"/>
      </symbol>
      <symbol id="sm-660">
         <name>_system_post_cinit</name>
         <value>0x411f</value>
         <object_component_ref idref="oc-fc"/>
      </symbol>
      <symbol id="sm-671">
         <name>strcspn</name>
         <value>0x4505</value>
         <object_component_ref idref="oc-1c4"/>
      </symbol>
      <symbol id="sm-683">
         <name>strspn</name>
         <value>0x44db</value>
         <object_component_ref idref="oc-1be"/>
      </symbol>
      <symbol id="sm-691">
         <name>SSIDataGet</name>
         <value>0x45bb</value>
         <object_component_ref idref="oc-126"/>
      </symbol>
      <symbol id="sm-694">
         <name>__TI_static_base__</name>
         <value>0x0</value>
      </symbol>
      <symbol id="sm-697">
         <name>SHT$$INIT_ARRAY$$Limit</name>
         <value>0x0</value>
      </symbol>
      <symbol id="sm-698">
         <name>SHT$$INIT_ARRAY$$Base</name>
         <value>0x0</value>
      </symbol>
   </symbol_table>
   <title>Link successful</title>
</link_info>
